/Users/darcyschofield/Dropbox/My Mac (Darcy’s MacBook Air)/Downloads/MTRX2700-2024-main/stm32f303-definitions/Core/Inc/core_cm4.h:1688:22:__NVIC_EnableIRQ	16	static
/Users/darcyschofield/Dropbox/My Mac (Darcy’s MacBook Air)/Downloads/MTRX2700-2024-main/stm32f303-definitions/Core/Inc/core_cm4.h:1816:22:__NVIC_SetPriority	16	static
../Src/main.c:29:6:button_press_callback	8	static
../Src/main.c:36:5:main	8	static
../Src/main.c:57:6:enable_clocks	4	static
../Src/main.c:62:6:initialise_board	16	static
../Src/main.c:69:6:enable_interrupt	8	static,ignoring_inline_asm
