Archive member included to satisfy reference by file (symbol)

/Applications/STM32CubeIDE.app/Contents/Eclipse/plugins/com.st.stm32cube.ide.mcu.externaltools.gnu-tools-for-stm32.11.3.rel1.macos64_1.1.100.202310310803/tools/bin/../lib/gcc/arm-none-eabi/11.3.1/../../../../arm-none-eabi/lib/thumb/v7e-m+fp/hard/libc_nano.a(libc_a-exit.o)
                              /Applications/STM32CubeIDE.app/Contents/Eclipse/plugins/com.st.stm32cube.ide.mcu.externaltools.gnu-tools-for-stm32.11.3.rel1.macos64_1.1.100.202310310803/tools/bin/../lib/gcc/arm-none-eabi/11.3.1/../../../../arm-none-eabi/lib/thumb/v7e-m+fp/hard/crt0.o (exit)
/Applications/STM32CubeIDE.app/Contents/Eclipse/plugins/com.st.stm32cube.ide.mcu.externaltools.gnu-tools-for-stm32.11.3.rel1.macos64_1.1.100.202310310803/tools/bin/../lib/gcc/arm-none-eabi/11.3.1/../../../../arm-none-eabi/lib/thumb/v7e-m+fp/hard/libc_nano.a(libc_a-findfp.o)
                              /Applications/STM32CubeIDE.app/Contents/Eclipse/plugins/com.st.stm32cube.ide.mcu.externaltools.gnu-tools-for-stm32.11.3.rel1.macos64_1.1.100.202310310803/tools/bin/../lib/gcc/arm-none-eabi/11.3.1/../../../../arm-none-eabi/lib/thumb/v7e-m+fp/hard/libc_nano.a(libc_a-exit.o) (__stdio_exit_handler)
/Applications/STM32CubeIDE.app/Contents/Eclipse/plugins/com.st.stm32cube.ide.mcu.externaltools.gnu-tools-for-stm32.11.3.rel1.macos64_1.1.100.202310310803/tools/bin/../lib/gcc/arm-none-eabi/11.3.1/../../../../arm-none-eabi/lib/thumb/v7e-m+fp/hard/libc_nano.a(libc_a-fwalk.o)
                              /Applications/STM32CubeIDE.app/Contents/Eclipse/plugins/com.st.stm32cube.ide.mcu.externaltools.gnu-tools-for-stm32.11.3.rel1.macos64_1.1.100.202310310803/tools/bin/../lib/gcc/arm-none-eabi/11.3.1/../../../../arm-none-eabi/lib/thumb/v7e-m+fp/hard/libc_nano.a(libc_a-findfp.o) (_fwalk_sglue)
/Applications/STM32CubeIDE.app/Contents/Eclipse/plugins/com.st.stm32cube.ide.mcu.externaltools.gnu-tools-for-stm32.11.3.rel1.macos64_1.1.100.202310310803/tools/bin/../lib/gcc/arm-none-eabi/11.3.1/../../../../arm-none-eabi/lib/thumb/v7e-m+fp/hard/libc_nano.a(libc_a-memset.o)
                              /Applications/STM32CubeIDE.app/Contents/Eclipse/plugins/com.st.stm32cube.ide.mcu.externaltools.gnu-tools-for-stm32.11.3.rel1.macos64_1.1.100.202310310803/tools/bin/../lib/gcc/arm-none-eabi/11.3.1/../../../../arm-none-eabi/lib/thumb/v7e-m+fp/hard/crt0.o (memset)
/Applications/STM32CubeIDE.app/Contents/Eclipse/plugins/com.st.stm32cube.ide.mcu.externaltools.gnu-tools-for-stm32.11.3.rel1.macos64_1.1.100.202310310803/tools/bin/../lib/gcc/arm-none-eabi/11.3.1/../../../../arm-none-eabi/lib/thumb/v7e-m+fp/hard/libc_nano.a(libc_a-impure.o)
                              /Applications/STM32CubeIDE.app/Contents/Eclipse/plugins/com.st.stm32cube.ide.mcu.externaltools.gnu-tools-for-stm32.11.3.rel1.macos64_1.1.100.202310310803/tools/bin/../lib/gcc/arm-none-eabi/11.3.1/../../../../arm-none-eabi/lib/thumb/v7e-m+fp/hard/libc_nano.a(libc_a-findfp.o) (_impure_data)
/Applications/STM32CubeIDE.app/Contents/Eclipse/plugins/com.st.stm32cube.ide.mcu.externaltools.gnu-tools-for-stm32.11.3.rel1.macos64_1.1.100.202310310803/tools/bin/../lib/gcc/arm-none-eabi/11.3.1/../../../../arm-none-eabi/lib/thumb/v7e-m+fp/hard/libc_nano.a(libc_a-errno.o)
                              ./Src/syscalls.o (__errno)
/Applications/STM32CubeIDE.app/Contents/Eclipse/plugins/com.st.stm32cube.ide.mcu.externaltools.gnu-tools-for-stm32.11.3.rel1.macos64_1.1.100.202310310803/tools/bin/../lib/gcc/arm-none-eabi/11.3.1/../../../../arm-none-eabi/lib/thumb/v7e-m+fp/hard/libc_nano.a(libc_a-init.o)
                              /Applications/STM32CubeIDE.app/Contents/Eclipse/plugins/com.st.stm32cube.ide.mcu.externaltools.gnu-tools-for-stm32.11.3.rel1.macos64_1.1.100.202310310803/tools/bin/../lib/gcc/arm-none-eabi/11.3.1/../../../../arm-none-eabi/lib/thumb/v7e-m+fp/hard/crt0.o (__libc_init_array)
/Applications/STM32CubeIDE.app/Contents/Eclipse/plugins/com.st.stm32cube.ide.mcu.externaltools.gnu-tools-for-stm32.11.3.rel1.macos64_1.1.100.202310310803/tools/bin/../lib/gcc/arm-none-eabi/11.3.1/../../../../arm-none-eabi/lib/thumb/v7e-m+fp/hard/libc_nano.a(libc_a-lock.o)
                              /Applications/STM32CubeIDE.app/Contents/Eclipse/plugins/com.st.stm32cube.ide.mcu.externaltools.gnu-tools-for-stm32.11.3.rel1.macos64_1.1.100.202310310803/tools/bin/../lib/gcc/arm-none-eabi/11.3.1/../../../../arm-none-eabi/lib/thumb/v7e-m+fp/hard/libc_nano.a(libc_a-findfp.o) (__retarget_lock_init_recursive)
/Applications/STM32CubeIDE.app/Contents/Eclipse/plugins/com.st.stm32cube.ide.mcu.externaltools.gnu-tools-for-stm32.11.3.rel1.macos64_1.1.100.202310310803/tools/bin/../lib/gcc/arm-none-eabi/11.3.1/../../../../arm-none-eabi/lib/thumb/v7e-m+fp/hard/libc_nano.a(libc_a-mallocr.o)
[...]
Memory Configuration

Name             Origin             Length             Attributes
CCMRAM           0x0000000010000000 0x0000000000002000 xrw
RAM              0x0000000020000000 0x000000000000a000 xrw
FLASH            0x0000000008000000 0x0000000000040000 xr
*default*        0x0000000000000000 0xffffffffffffffff

Linker script and memory map

LOAD /Applications/STM32CubeIDE.app/Contents/Eclipse/plugins/com.st.stm32cube.ide.mcu.externaltools.gnu-tools-for-stm32.11.3.rel1.macos64_1.1.100.202310310803/tools/bin/../lib/gcc/arm-none-eabi/11.3.1/thumb/v7e-m+fp/hard/crti.o
LOAD /Applications/STM32CubeIDE.app/Contents/Eclipse/plugins/com.st.stm32cube.ide.mcu.externaltools.gnu-tools-for-stm32.11.3.rel1.macos64_1.1.100.202310310803/tools/bin/../lib/gcc/arm-none-eabi/11.3.1/thumb/v7e-m+fp/hard/crtbegin.o
LOAD /Applications/STM32CubeIDE.app/Contents/Eclipse/plugins/com.st.stm32cube.ide.mcu.externaltools.gnu-tools-for-stm32.11.3.rel1.macos64_1.1.100.202310310803/tools/bin/../lib/gcc/arm-none-eabi/11.3.1/../../../../arm-none-eabi/lib/thumb/v7e-m+fp/hard/crt0.o
LOAD ./Src/main.o
LOAD ./Src/serial.o
LOAD ./Src/syscalls.o
LOAD ./Src/sysmem.o
LOAD ./Startup/startup_stm32f303vctx.o
START GROUP
LOAD /Applications/STM32CubeIDE.app/Contents/Eclipse/plugins/com.st.stm32cube.ide.mcu.externaltools.gnu-tools-for-stm32.11.3.rel1.macos64_1.1.100.202310310803/tools/bin/../lib/gcc/arm-none-eabi/11.3.1/../../../../arm-none-eabi/lib/thumb/v7e-m+fp/hard/libc_nano.a
LOAD /Applications/STM32CubeIDE.app/Contents/Eclipse/plugins/com.st.stm32cube.ide.mcu.externaltools.gnu-tools-for-stm32.11.3.rel1.macos64_1.1.100.202310310803/tools/bin/../lib/gcc/arm-none-eabi/11.3.1/../../../../arm-none-eabi/lib/thumb/v7e-m+fp/hard/libm.a
END GROUP
START GROUP
LOAD /Applications/STM32CubeIDE.app/Contents/Eclipse/plugins/com.st.stm32cube.ide.mcu.externaltools.gnu-tools-for-stm32.11.3.rel1.macos64_1.1.100.202310310803/tools/bin/../lib/gcc/arm-none-eabi/11.3.1/thumb/v7e-m+fp/hard/libgcc.a
LOAD /Applications/STM32CubeIDE.app/Contents/Eclipse/plugins/com.st.stm32cube.ide.mcu.externaltools.gnu-tools-for-stm32.11.3.rel1.macos64_1.1.100.202310310803/tools/bin/../lib/gcc/arm-none-eabi/11.3.1/../../../../arm-none-eabi/lib/thumb/v7e-m+fp/hard/libc_nano.a
END GROUP
START GROUP
LOAD /Applications/STM32CubeIDE.app/Contents/Eclipse/plugins/com.st.stm32cube.ide.mcu.externaltools.gnu-tools-for-stm32.11.3.rel1.macos64_1.1.100.202310310803/tools/bin/../lib/gcc/arm-none-eabi/11.3.1/thumb/v7e-m+fp/hard/libgcc.a
LOAD /Applications/STM32CubeIDE.app/Contents/Eclipse/plugins/com.st.stm32cube.ide.mcu.externaltools.gnu-tools-for-stm32.11.3.rel1.macos64_1.1.100.202310310803/tools/bin/../lib/gcc/arm-none-eabi/11.3.1/../../../../arm-none-eabi/lib/thumb/v7e-m+fp/hard/libc_nano.a
LOAD /Applications/STM32CubeIDE.app/Contents/Eclipse/plugins/com.st.stm32cube.ide.mcu.externaltools.gnu-tools-for-stm32.11.3.rel1.macos64_1.1.100.202310310803/tools/bin/../lib/gcc/arm-none-eabi/11.3.1/../../../../arm-none-eabi/lib/thumb/v7e-m+fp/hard/libnosys.a
END GROUP
START GROUP
LOAD /Applications/STM32CubeIDE.app/Contents/Eclipse/plugins/com.st.stm32cube.ide.mcu.externaltools.gnu-tools-for-stm32.11.3.rel1.macos64_1.1.100.202310310803/tools/bin/../lib/gcc/arm-none-eabi/11.3.1/thumb/v7e-m+fp/hard/libgcc.a
LOAD /Applications/STM32CubeIDE.app/Contents/Eclipse/plugins/com.st.stm32cube.ide.mcu.externaltools.gnu-tools-for-stm32.11.3.rel1.macos64_1.1.100.202310310803/tools/bin/../lib/gcc/arm-none-eabi/11.3.1/../../../../arm-none-eabi/lib/thumb/v7e-m+fp/hard/libc_nano.a
LOAD /Applications/STM32CubeIDE.app/Contents/Eclipse/plugins/com.st.stm32cube.ide.mcu.externaltools.gnu-tools-for-stm32.11.3.rel1.macos64_1.1.100.202310310803/tools/bin/../lib/gcc/arm-none-eabi/11.3.1/../../../../arm-none-eabi/lib/thumb/v7e-m+fp/hard/libnosys.a
END GROUP
LOAD /Applications/STM32CubeIDE.app/Contents/Eclipse/plugins/com.st.stm32cube.ide.mcu.externaltools.gnu-tools-for-stm32.11.3.rel1.macos64_1.1.100.202310310803/tools/bin/../lib/gcc/arm-none-eabi/11.3.1/thumb/v7e-m+fp/hard/crtend.o
LOAD /Applications/STM32CubeIDE.app/Contents/Eclipse/plugins/com.st.stm32cube.ide.mcu.externaltools.gnu-tools-for-stm32.11.3.rel1.macos64_1.1.100.202310310803/tools/bin/../lib/gcc/arm-none-eabi/11.3.1/thumb/v7e-m+fp/hard/crtn.o
                0x000000002000a000                _estack = (ORIGIN (RAM) + LENGTH (RAM))
                0x0000000000000200                _Min_Heap_Size = 0x200
                0x0000000000000400                _Min_Stack_Size = 0x400

.isr_vector     0x0000000008000000      0x194
                0x0000000008000000                . = ALIGN (0x4)
 *(.isr_vector)
 .isr_vector    0x0000000008000000      0x194 ./Startup/startup_stm32f303vctx.o
                0x0000000008000000                g_pfnVectors
                0x0000000008000194                . = ALIGN (0x4)

.text           0x0000000008000194      0x508
                0x0000000008000194                . = ALIGN (0x4)
 *(.text)
 .text          0x0000000008000194       0x40 /Applications/STM32CubeIDE.app/Contents/Eclipse/plugins/com.st.stm32cube.ide.mcu.externaltools.gnu-tools-for-stm32.11.3.rel1.macos64_1.1.100.202310310803/tools/bin/../lib/gcc/arm-none-eabi/11.3.1/thumb/v7e-m+fp/hard/crtbegin.o
 *(.text*)
 .text.__NVIC_EnableIRQ
                0x00000000080001d4       0x3c ./Src/main.o
 .text.USART1_EXTI25_IRQHandler
                0x0000000008000210       0x1c ./Src/main.o
                0x0000000008000210                USART1_EXTI25_IRQHandler
 .text.enable_clocks
                0x000000000800022c       0x20 ./Src/main.o
                0x000000000800022c                enable_clocks
 .text.main     0x000000000800024c       0x4c ./Src/main.o
                0x000000000800024c                main
 .text.SerialInitialise
                0x0000000008000298      0x100 ./Src/serial.o
                0x0000000008000298                SerialInitialise
 .text.SerialReadChar
                0x0000000008000398       0xa4 ./Src/serial.o
                0x0000000008000398                SerialReadChar
 .text.LED_string
                0x000000000800043c       0x48 ./Src/serial.o
                0x000000000800043c                LED_string
 .text.initialise_board
                0x0000000008000484       0x24 ./Src/serial.o
                0x0000000008000484                initialise_board
 .text.switch_buffers
                0x00000000080004a8       0x40 ./Src/serial.o
                0x00000000080004a8                switch_buffers
 .text.read_into_kernel
                0x00000000080004e8       0x28 ./Src/serial.o
                0x00000000080004e8                read_into_kernel
 .text.read_from_user_buffer
                0x0000000008000510       0x78 ./Src/serial.o
                0x0000000008000510                read_from_user_buffer
 .text.Receive_Data
                0x0000000008000588       0x60 ./Src/serial.o
                0x0000000008000588                Receive_Data
 .text.Reset_Handler
                0x00000000080005e8       0x50 ./Startup/startup_stm32f303vctx.o
                0x00000000080005e8                Reset_Handler
 .text.Default_Handler
                0x0000000008000638        0x2 ./Startup/startup_stm32f303vctx.o
                0x0000000008000638                TIM1_BRK_TIM15_IRQHandler
                0x0000000008000638                TIM8_CC_IRQHandler
                0x0000000008000638                DebugMon_Handler
                0x0000000008000638                DMA1_CH4_IRQHandler
                0x0000000008000638                SPI4_IRQHandler
                0x0000000008000638                TIM1_CC_IRQHandler
                0x0000000008000638                HardFault_Handler
                0x0000000008000638                USB_HP_IRQHandler
                0x0000000008000638                I2C2_EV_EXTI24_IRQHandler
                0x0000000008000638                SysTick_Handler
                0x0000000008000638                USB_WKUP_EXTI_IRQHandler
                0x0000000008000638                PVD_IRQHandler
                0x0000000008000638                UART4_EXTI34_IRQHandler
                0x0000000008000638                TAMP_STAMP_IRQHandler
                0x0000000008000638                PendSV_Handler
                0x0000000008000638                NMI_Handler
                0x0000000008000638                EXTI3_IRQHandler
                0x0000000008000638                I2C3_ER_IRQHandler
                0x0000000008000638                TIM6_DACUNDER_IRQHandler
                0x0000000008000638                USB_HP_CAN_TX_IRQHandler
                0x0000000008000638                EXTI0_IRQHandler
                0x0000000008000638                DMA2_CH1_IRQHandler
                0x0000000008000638                TIM1_UP_TIM16_IRQHandler
                0x0000000008000638                UsageFault_Handler
                0x0000000008000638                ADC1_2_IRQHandler
                0x0000000008000638                SPI1_IRQHandler
                0x0000000008000638                CAN_SCE_IRQHandler
                0x0000000008000638                DMA1_CH7_IRQHandler
                0x0000000008000638                TIM8_UP_IRQHandler
                0x0000000008000638                COMP456_IRQHandler
                0x0000000008000638                DMA1_CH6_IRQHandler
                0x0000000008000638                TIM20_TRG_COM_IRQHandler
                0x0000000008000638                ADC3_IRQHandler
                0x0000000008000638                TIM4_IRQHandler
                0x0000000008000638                CAN_RX1_IRQHandler
                0x0000000008000638                DMA2_CH5_IRQHandler
                0x0000000008000638                I2C1_EV_EXTI23_IRQHandler
                0x0000000008000638                DMA1_CH3_IRQHandler
                0x0000000008000638                TIM3_IRQHandler
                0x0000000008000638                RCC_IRQHandler
                0x0000000008000638                TIM20_UP_IRQHandler
                0x0000000008000638                Default_Handler
                0x0000000008000638                EXTI15_10_IRQHandler
                0x0000000008000638                USART2_EXTI26_IRQHandler
                0x0000000008000638                USART3_EXTI28_IRQHandler
                0x0000000008000638                TIM7_IRQHandler
                0x0000000008000638                I2C3_EV_IRQHandler
                0x0000000008000638                EXTI9_5_IRQHandler
                0x0000000008000638                DMA1_CH2_IRQHandler
                0x0000000008000638                RTC_WKUP_IRQHandler
                0x0000000008000638                SPI2_IRQHandler
                0x0000000008000638                DMA1_CH1_IRQHandler
                0x0000000008000638                USB_LP_CAN_RX0_IRQHandler
                0x0000000008000638                MemManage_Handler
                0x0000000008000638                COMP123_IRQHandler
                0x0000000008000638                SVC_Handler
                0x0000000008000638                USB_LP_IRQHandler
                0x0000000008000638                EXTI4_IRQHandler
                0x0000000008000638                TIM1_TRG_COM_TIM17_IRQHandler
                0x0000000008000638                ADC4_IRQHandler
                0x0000000008000638                WWDG_IRQHandler
                0x0000000008000638                TIM2_IRQHandler
                0x0000000008000638                COMP7_IRQHandler
                0x0000000008000638                EXTI1_IRQHandler
                0x0000000008000638                RTCAlarm_IRQHandler
                0x0000000008000638                UART5_EXTI35_IRQHandler
                0x0000000008000638                TIM20_BRK_IRQHandler
                0x0000000008000638                I2C2_ER_IRQHandler
                0x0000000008000638                TIM8_BRK_IRQHandler
                0x0000000008000638                FLASH_IRQHandler
                0x0000000008000638                TIM20_CC_IRQHandler
                0x0000000008000638                BusFault_Handler
                0x0000000008000638                SPI3_IRQHandler
                0x0000000008000638                DMA2_CH3_IRQHandler
                0x0000000008000638                DMA2_CH2_IRQHandler
                0x0000000008000638                I2C1_ER_IRQHandler
                0x0000000008000638                FMC_IRQHandler
                0x0000000008000638                DMA1_CH5_IRQHandler
                0x0000000008000638                DMA2_CH4_IRQHandler
                0x0000000008000638                USB_WKUP_IRQHandler
                0x0000000008000638                EXTI2_TSC_IRQHandler
                0x0000000008000638                TIM8_TRG_COM_IRQHandler
 *fill*         0x000000000800063a        0x2 
 .text.__libc_init_array
                0x000000000800063c       0x48 /Applications/STM32CubeIDE.app/Contents/Eclipse/plugins/com.st.stm32cube.ide.mcu.externaltools.gnu-tools-for-stm32.11.3.rel1.macos64_1.1.100.202310310803/tools/bin/../lib/gcc/arm-none-eabi/11.3.1/../../../../arm-none-eabi/lib/thumb/v7e-m+fp/hard/libc_nano.a(libc_a-init.o)
                0x000000000800063c                __libc_init_array
 *(.glue_7)
 .glue_7        0x0000000008000684        0x0 linker stubs
 *(.glue_7t)
 .glue_7t       0x0000000008000684        0x0 linker stubs
 *(.eh_frame)
 .eh_frame      0x0000000008000684        0x0 /Applications/STM32CubeIDE.app/Contents/Eclipse/plugins/com.st.stm32cube.ide.mcu.externaltools.gnu-tools-for-stm32.11.3.rel1.macos64_1.1.100.202310310803/tools/bin/../lib/gcc/arm-none-eabi/11.3.1/thumb/v7e-m+fp/hard/crtbegin.o
 *(.init)
 .init          0x0000000008000684        0x4 /Applications/STM32CubeIDE.app/Contents/Eclipse/plugins/com.st.stm32cube.ide.mcu.externaltools.gnu-tools-for-stm32.11.3.rel1.macos64_1.1.100.202310310803/tools/bin/../lib/gcc/arm-none-eabi/11.3.1/thumb/v7e-m+fp/hard/crti.o
                0x0000000008000684                _init
 .init          0x0000000008000688        0x8 /Applications/STM32CubeIDE.app/Contents/Eclipse/plugins/com.st.stm32cube.ide.mcu.externaltools.gnu-tools-for-stm32.11.3.rel1.macos64_1.1.100.202310310803/tools/bin/../lib/gcc/arm-none-eabi/11.3.1/thumb/v7e-m+fp/hard/crtn.o
 *(.fini)
 .fini          0x0000000008000690        0x4 /Applications/STM32CubeIDE.app/Contents/Eclipse/plugins/com.st.stm32cube.ide.mcu.externaltools.gnu-tools-for-stm32.11.3.rel1.macos64_1.1.100.202310310803/tools/bin/../lib/gcc/arm-none-eabi/11.3.1/thumb/v7e-m+fp/hard/crti.o
                0x0000000008000690                _fini
 .fini          0x0000000008000694        0x8 /Applications/STM32CubeIDE.app/Contents/Eclipse/plugins/com.st.stm32cube.ide.mcu.externaltools.gnu-tools-for-stm32.11.3.rel1.macos64_1.1.100.202310310803/tools/bin/../lib/gcc/arm-none-eabi/11.3.1/thumb/v7e-m+fp/hard/crtn.o
                0x000000000800069c                . = ALIGN (0x4)
                0x000000000800069c                _etext = .

.vfp11_veneer   0x000000000800069c        0x0
 .vfp11_veneer  0x000000000800069c        0x0 linker stubs

.v4_bx          0x000000000800069c        0x0
 .v4_bx         0x000000000800069c        0x0 linker stubs

.iplt           0x000000000800069c        0x0
 .iplt          0x000000000800069c        0x0 /Applications/STM32CubeIDE.app/Contents/Eclipse/plugins/com.st.stm32cube.ide.mcu.externaltools.gnu-tools-for-stm32.11.3.rel1.macos64_1.1.100.202310310803/tools/bin/../lib/gcc/arm-none-eabi/11.3.1/thumb/v7e-m+fp/hard/crtbegin.o

.rel.dyn        0x000000000800069c        0x0
 .rel.iplt      0x000000000800069c        0x0 /Applications/STM32CubeIDE.app/Contents/Eclipse/plugins/com.st.stm32cube.ide.mcu.externaltools.gnu-tools-for-stm32.11.3.rel1.macos64_1.1.100.202310310803/tools/bin/../lib/gcc/arm-none-eabi/11.3.1/thumb/v7e-m+fp/hard/crtbegin.o

.rodata         0x000000000800069c        0x0
                0x000000000800069c                . = ALIGN (0x4)
 *(.rodata)
 *(.rodata*)
                0x000000000800069c                . = ALIGN (0x4)

.ARM.extab      0x000000000800069c        0x0
                0x000000000800069c                . = ALIGN (0x4)
 *(.ARM.extab* .gnu.linkonce.armextab.*)
                0x000000000800069c                . = ALIGN (0x4)

.ARM            0x000000000800069c        0x0
                0x000000000800069c                . = ALIGN (0x4)
                0x000000000800069c                __exidx_start = .
 *(.ARM.exidx*)
                0x000000000800069c                __exidx_end = .
                0x000000000800069c                . = ALIGN (0x4)

.preinit_array  0x000000000800069c        0x0
                0x000000000800069c                . = ALIGN (0x4)
                0x000000000800069c                PROVIDE (__preinit_array_start = .)
 *(.preinit_array*)
                0x000000000800069c                PROVIDE (__preinit_array_end = .)
                0x000000000800069c                . = ALIGN (0x4)

.init_array     0x000000000800069c        0x4
                0x000000000800069c                . = ALIGN (0x4)
                0x000000000800069c                PROVIDE (__init_array_start = .)
 *(SORT_BY_NAME(.init_array.*))
 *(.init_array*)
 .init_array    0x000000000800069c        0x4 /Applications/STM32CubeIDE.app/Contents/Eclipse/plugins/com.st.stm32cube.ide.mcu.externaltools.gnu-tools-for-stm32.11.3.rel1.macos64_1.1.100.202310310803/tools/bin/../lib/gcc/arm-none-eabi/11.3.1/thumb/v7e-m+fp/hard/crtbegin.o
                0x00000000080006a0                PROVIDE (__init_array_end = .)
                0x00000000080006a0                . = ALIGN (0x4)

.fini_array     0x00000000080006a0        0x4
                0x00000000080006a0                . = ALIGN (0x4)
                [!provide]                        PROVIDE (__fini_array_start = .)
 *(SORT_BY_NAME(.fini_array.*))
 *(.fini_array*)
 .fini_array    0x00000000080006a0        0x4 /Applications/STM32CubeIDE.app/Contents/Eclipse/plugins/com.st.stm32cube.ide.mcu.externaltools.gnu-tools-for-stm32.11.3.rel1.macos64_1.1.100.202310310803/tools/bin/../lib/gcc/arm-none-eabi/11.3.1/thumb/v7e-m+fp/hard/crtbegin.o
                [!provide]                        PROVIDE (__fini_array_end = .)
                0x00000000080006a4                . = ALIGN (0x4)
                0x00000000080006a4                _sidata = LOADADDR (.data)

.data           0x0000000020000000       0x2c load address 0x00000000080006a4
                0x0000000020000000                . = ALIGN (0x4)
                0x0000000020000000                _sdata = .
 *(.data)
 *(.data*)
 .data.uartUser
                0x0000000020000000        0x1 ./Src/serial.o
                0x0000000020000000                uartUser
 *fill*         0x0000000020000001        0x3 
 .data.USART1_PORT
                0x0000000020000004       0x28 ./Src/serial.o
                0x0000000020000004                USART1_PORT
 *(.RamFunc)
 *(.RamFunc*)
                0x000000002000002c                . = ALIGN (0x4)
                0x000000002000002c                _edata = .
                0x00000000080006d0                _siccmram = LOADADDR (.ccmram)

.igot.plt       0x000000002000002c        0x0 load address 0x00000000080006d0
 .igot.plt      0x000000002000002c        0x0 /Applications/STM32CubeIDE.app/Contents/Eclipse/plugins/com.st.stm32cube.ide.mcu.externaltools.gnu-tools-for-stm32.11.3.rel1.macos64_1.1.100.202310310803/tools/bin/../lib/gcc/arm-none-eabi/11.3.1/thumb/v7e-m+fp/hard/crtbegin.o

.ccmram         0x0000000010000000        0x0 load address 0x00000000080006d0
                0x0000000010000000                . = ALIGN (0x4)
                0x0000000010000000                _sccmram = .
 *(.ccmram)
 *(.ccmram*)
                0x0000000010000000                . = ALIGN (0x4)
                0x0000000010000000                _eccmram = .
                0x0000000010000000                . = ALIGN (0x4)

.bss            0x000000002000002c       0x60
                0x000000002000002c                _sbss = .
                0x000000002000002c                __bss_start__ = _sbss
 *(.bss)
 .bss           0x000000002000002c       0x1c /Applications/STM32CubeIDE.app/Contents/Eclipse/plugins/com.st.stm32cube.ide.mcu.externaltools.gnu-tools-for-stm32.11.3.rel1.macos64_1.1.100.202310310803/tools/bin/../lib/gcc/arm-none-eabi/11.3.1/thumb/v7e-m+fp/hard/crtbegin.o
 *(.bss*)
 .bss.double_buffer
                0x0000000020000048       0x40 ./Src/serial.o
                0x0000000020000048                double_buffer
 .bss.buffer_counter
                0x0000000020000088        0x2 ./Src/serial.o
                0x0000000020000088                buffer_counter
 .bss.uartKernel
                0x000000002000008a        0x1 ./Src/serial.o
                0x000000002000008a                uartKernel
 *(COMMON)
                0x000000002000008c                . = ALIGN (0x4)
 *fill*         0x000000002000008b        0x1 
                0x000000002000008c                _ebss = .
                0x000000002000008c                __bss_end__ = _ebss

._user_heap_stack
                0x000000002000008c      0x604
                0x0000000020000090                . = ALIGN (0x8)
 *fill*         0x000000002000008c        0x4 
                [!provide]                        PROVIDE (end = .)
                0x0000000020000090                PROVIDE (_end = .)
                0x0000000020000290                . = (. + _Min_Heap_Size)
 *fill*         0x0000000020000090      0x200 
                0x0000000020000690                . = (. + _Min_Stack_Size)
 *fill*         0x0000000020000290      0x400 
                0x0000000020000690                . = ALIGN (0x8)

/DISCARD/
 libc.a(*)
 libm.a(*)
 libgcc.a(*)

.ARM.attributes
                0x0000000000000000       0x30
 *(.ARM.attributes)
 .ARM.attributes
                0x0000000000000000       0x1e /Applications/STM32CubeIDE.app/Contents/Eclipse/plugins/com.st.stm32cube.ide.mcu.externaltools.gnu-tools-for-stm32.11.3.rel1.macos64_1.1.100.202310310803/tools/bin/../lib/gcc/arm-none-eabi/11.3.1/thumb/v7e-m+fp/hard/crti.o
 .ARM.attributes
                0x000000000000001e       0x34 /Applications/STM32CubeIDE.app/Contents/Eclipse/plugins/com.st.stm32cube.ide.mcu.externaltools.gnu-tools-for-stm32.11.3.rel1.macos64_1.1.100.202310310803/tools/bin/../lib/gcc/arm-none-eabi/11.3.1/thumb/v7e-m+fp/hard/crtbegin.o
 .ARM.attributes
                0x0000000000000052       0x34 ./Src/main.o
 .ARM.attributes
                0x0000000000000086       0x34 ./Src/serial.o
 .ARM.attributes
                0x00000000000000ba       0x21 ./Startup/startup_stm32f303vctx.o
 .ARM.attributes
                0x00000000000000db       0x34 /Applications/STM32CubeIDE.app/Contents/Eclipse/plugins/com.st.stm32cube.ide.mcu.externaltools.gnu-tools-for-stm32.11.3.rel1.macos64_1.1.100.202310310803/tools/bin/../lib/gcc/arm-none-eabi/11.3.1/../../../../arm-none-eabi/lib/thumb/v7e-m+fp/hard/libc_nano.a(libc_a-init.o)
 .ARM.attributes
                0x000000000000010f       0x1e /Applications/STM32CubeIDE.app/Contents/Eclipse/plugins/com.st.stm32cube.ide.mcu.externaltools.gnu-tools-for-stm32.11.3.rel1.macos64_1.1.100.202310310803/tools/bin/../lib/gcc/arm-none-eabi/11.3.1/thumb/v7e-m+fp/hard/crtn.o
OUTPUT(Advanced Functionality.elf elf32-littlearm)
LOAD linker stubs
LOAD /Applications/STM32CubeIDE.app/Contents/Eclipse/plugins/com.st.stm32cube.ide.mcu.externaltools.gnu-tools-for-stm32.11.3.rel1.macos64_1.1.100.202310310803/tools/bin/../lib/gcc/arm-none-eabi/11.3.1/../../../../arm-none-eabi/lib/thumb/v7e-m+fp/hard/libc.a
LOAD /Applications/STM32CubeIDE.app/Contents/Eclipse/plugins/com.st.stm32cube.ide.mcu.externaltools.gnu-tools-for-stm32.11.3.rel1.macos64_1.1.100.202310310803/tools/bin/../lib/gcc/arm-none-eabi/11.3.1/../../../../arm-none-eabi/lib/thumb/v7e-m+fp/hard/libm.a
LOAD /Applications/STM32CubeIDE.app/Contents/Eclipse/plugins/com.st.stm32cube.ide.mcu.externaltools.gnu-tools-for-stm32.11.3.rel1.macos64_1.1.100.202310310803/tools/bin/../lib/gcc/arm-none-eabi/11.3.1/thumb/v7e-m+fp/hard/libgcc.a

.comment        0x0000000000000000       0x43
 .comment       0x0000000000000000       0x43 /Applications/STM32CubeIDE.app/Contents/Eclipse/plugins/com.st.stm32cube.ide.mcu.externaltools.gnu-tools-for-stm32.11.3.rel1.macos64_1.1.100.202310310803/tools/bin/../lib/gcc/arm-none-eabi/11.3.1/thumb/v7e-m+fp/hard/crtbegin.o
                                         0x44 (size before relaxing)
 .comment       0x0000000000000043       0x44 ./Src/main.o
 .comment       0x0000000000000043       0x44 ./Src/serial.o

.debug_info     0x0000000000000000     0x14db
 .debug_info    0x0000000000000000      0x72e ./Src/main.o
 .debug_info    0x000000000000072e      0xd8a ./Src/serial.o
 .debug_info    0x00000000000014b8       0x23 ./Startup/startup_stm32f303vctx.o

.debug_abbrev   0x0000000000000000      0x56c
 .debug_abbrev  0x0000000000000000      0x26d ./Src/main.o
 .debug_abbrev  0x000000000000026d      0x2ed ./Src/serial.o
 .debug_abbrev  0x000000000000055a       0x12 ./Startup/startup_stm32f303vctx.o

.debug_aranges  0x0000000000000000       0xf0
 .debug_aranges
                0x0000000000000000       0x40 ./Src/main.o
 .debug_aranges
                0x0000000000000040       0x88 ./Src/serial.o
 .debug_aranges
                0x00000000000000c8       0x28 ./Startup/startup_stm32f303vctx.o

.debug_rnglists
                0x0000000000000000       0xa7
 .debug_rnglists
                0x0000000000000000       0x2b ./Src/main.o
 .debug_rnglists
                0x000000000000002b       0x63 ./Src/serial.o
 .debug_rnglists
                0x000000000000008e       0x19 ./Startup/startup_stm32f303vctx.o

.debug_macro    0x0000000000000000    0x159a2
 .debug_macro   0x0000000000000000      0x1ce ./Src/main.o
 .debug_macro   0x00000000000001ce      0xaae ./Src/main.o
 .debug_macro   0x0000000000000c7c       0x22 ./Src/main.o
 .debug_macro   0x0000000000000c9e       0x8e ./Src/main.o
 .debug_macro   0x0000000000000d2c       0x51 ./Src/main.o
 .debug_macro   0x0000000000000d7d      0x103 ./Src/main.o
 .debug_macro   0x0000000000000e80       0x6a ./Src/main.o
 .debug_macro   0x0000000000000eea      0x1df ./Src/main.o
 .debug_macro   0x00000000000010c9       0x2a ./Src/main.o
 .debug_macro   0x00000000000010f3       0x61 ./Src/main.o
 .debug_macro   0x0000000000001154       0x43 ./Src/main.o
 .debug_macro   0x0000000000001197       0x34 ./Src/main.o
 .debug_macro   0x00000000000011cb       0x16 ./Src/main.o
 .debug_macro   0x00000000000011e1      0x10e ./Src/main.o
 .debug_macro   0x00000000000012ef       0x8d ./Src/main.o
 .debug_macro   0x000000000000137c       0x16 ./Src/main.o
 .debug_macro   0x0000000000001392       0x43 ./Src/main.o
 .debug_macro   0x00000000000013d5       0x34 ./Src/main.o
 .debug_macro   0x0000000000001409       0x10 ./Src/main.o
 .debug_macro   0x0000000000001419       0x58 ./Src/main.o
 .debug_macro   0x0000000000001471       0x8e ./Src/main.o
 .debug_macro   0x00000000000014ff       0x1c ./Src/main.o
 .debug_macro   0x000000000000151b      0x177 ./Src/main.o
 .debug_macro   0x0000000000001692      0x369 ./Src/main.o
 .debug_macro   0x00000000000019fb       0x16 ./Src/main.o
 .debug_macro   0x0000000000001a11       0x29 ./Src/main.o
 .debug_macro   0x0000000000001a3a       0x1c ./Src/main.o
 .debug_macro   0x0000000000001a56       0x35 ./Src/main.o
 .debug_macro   0x0000000000001a8b       0x10 ./Src/main.o
 .debug_macro   0x0000000000001a9b       0x1c ./Src/main.o
 .debug_macro   0x0000000000001ab7       0x16 ./Src/main.o
 .debug_macro   0x0000000000001acd      0x147 ./Src/main.o
 .debug_macro   0x0000000000001c14       0x28 ./Src/main.o
 .debug_macro   0x0000000000001c3c       0x1c ./Src/main.o
 .debug_macro   0x0000000000001c58       0x22 ./Src/main.o
 .debug_macro   0x0000000000001c7a       0xd9 ./Src/main.o
 .debug_macro   0x0000000000001d53     0x102d ./Src/main.o
 .debug_macro   0x0000000000002d80      0x11f ./Src/main.o
 .debug_macro   0x0000000000002e9f    0x12a3a ./Src/main.o
 .debug_macro   0x00000000000158d9       0xc9 ./Src/serial.o

.debug_line     0x0000000000000000      0xe69
 .debug_line    0x0000000000000000      0x659 ./Src/main.o
 .debug_line    0x0000000000000659      0x795 ./Src/serial.o
 .debug_line    0x0000000000000dee       0x7b ./Startup/startup_stm32f303vctx.o

.debug_str      0x0000000000000000    0x76384
 .debug_str     0x0000000000000000    0x760b5 ./Src/main.o
                                      0x76408 (size before relaxing)
 .debug_str     0x00000000000760b5      0x2a0 ./Src/serial.o
                                      0x72b12 (size before relaxing)
 .debug_str     0x0000000000076355       0x2f ./Startup/startup_stm32f303vctx.o
                                         0x7a (size before relaxing)

.debug_frame    0x0000000000000000      0x2fc
 .debug_frame   0x0000000000000000       0xbc ./Src/main.o
 .debug_frame   0x00000000000000bc      0x214 ./Src/serial.o
 .debug_frame   0x00000000000002d0       0x2c /Applications/STM32CubeIDE.app/Contents/Eclipse/plugins/com.st.stm32cube.ide.mcu.externaltools.gnu-tools-for-stm32.11.3.rel1.macos64_1.1.100.202310310803/tools/bin/../lib/gcc/arm-none-eabi/11.3.1/../../../../arm-none-eabi/lib/thumb/v7e-m+fp/hard/libc_nano.a(libc_a-init.o)

.debug_line_str
                0x0000000000000000       0x6e
 .debug_line_str
                0x0000000000000000       0x6e ./Startup/startup_stm32f303vctx.o
                                         0x86 (size before relaxing)
