/Users/darcyschofield/Dropbox/My Mac (Darcy’s MacBook Air)/Downloads/MTRX2700-2024-main/stm32f303-definitions/Core/Inc/core_cm4.h:1688:22:__NVIC_EnableIRQ	16	static
/Users/darcyschofield/Dropbox/My Mac (Darcy’s MacBook Air)/Downloads/MTRX2700-2024-main/stm32f303-definitions/Core/Inc/core_cm4.h:1816:22:__NVIC_SetPriority	16	static
../Src/digital_io.c:12:5:enable_clocks	4	static
../Src/digital_io.c:21:6:initialise_board	16	static
../Src/digital_io.c:29:6:reset_timer	4	static
../Src/digital_io.c:35:6:reset_UIF	4	static
../Src/digital_io.c:41:6:max_count_value	24	static
../Src/digital_io.c:48:6:start_timer	4	static
../Src/digital_io.c:54:6:set_prescaler	24	static
../Src/digital_io.c:61:6:general_initialisation	8	static
../Src/digital_io.c:68:6:timer_initialisation	16	static,ignoring_inline_asm
../Src/digital_io.c:82:6:enable_interrupt	8	static,ignoring_inline_asm
