../Inc/core_cm4.h:1688:22:__NVIC_EnableIRQ	16	static
../Inc/core_cm4.h:1816:22:__NVIC_SetPriority	16	static
../Src/serial.c:40:6:SerialInitialise	32	static
../Src/serial.c:98:6:SerialOutputChar	16	static
../Src/serial.c:109:6:SerialOutputString	24	static
../Src/serial.c:122:9:SerialReadChar	16	static
../Src/serial.c:147:6:SerialReadString	24	static
../Src/serial.c:158:6:LED_string	24	static
../Src/serial.c:169:6:initialise_board	16	static
../Src/serial.c:175:6:enable_interrupt	8	static,ignoring_inline_asm
../Src/serial.c:198:6:chase_led	16	static
