Archive member included to satisfy reference by file (symbol)

/Applications/STM32CubeIDE.app/Contents/Eclipse/plugins/com.st.stm32cube.ide.mcu.externaltools.gnu-tools-for-stm32.11.3.rel1.macos64_1.1.100.202310310803/tools/bin/../lib/gcc/arm-none-eabi/11.3.1/../../../../arm-none-eabi/lib/thumb/v7e-m+fp/hard/libc_nano.a(libc_a-atoi.o)
                              ./Src/main.o (atoi)
/Applications/STM32CubeIDE.app/Contents/Eclipse/plugins/com.st.stm32cube.ide.mcu.externaltools.gnu-tools-for-stm32.11.3.rel1.macos64_1.1.100.202310310803/tools/bin/../lib/gcc/arm-none-eabi/11.3.1/../../../../arm-none-eabi/lib/thumb/v7e-m+fp/hard/libc_nano.a(libc_a-exit.o)
                              /Applications/STM32CubeIDE.app/Contents/Eclipse/plugins/com.st.stm32cube.ide.mcu.externaltools.gnu-tools-for-stm32.11.3.rel1.macos64_1.1.100.202310310803/tools/bin/../lib/gcc/arm-none-eabi/11.3.1/../../../../arm-none-eabi/lib/thumb/v7e-m+fp/hard/crt0.o (exit)
/Applications/STM32CubeIDE.app/Contents/Eclipse/plugins/com.st.stm32cube.ide.mcu.externaltools.gnu-tools-for-stm32.11.3.rel1.macos64_1.1.100.202310310803/tools/bin/../lib/gcc/arm-none-eabi/11.3.1/../../../../arm-none-eabi/lib/thumb/v7e-m+fp/hard/libc_nano.a(libc_a-malloc.o)
                              ./Src/main.o (malloc)
/Applications/STM32CubeIDE.app/Contents/Eclipse/plugins/com.st.stm32cube.ide.mcu.externaltools.gnu-tools-for-stm32.11.3.rel1.macos64_1.1.100.202310310803/tools/bin/../lib/gcc/arm-none-eabi/11.3.1/../../../../arm-none-eabi/lib/thumb/v7e-m+fp/hard/libc_nano.a(libc_a-mallocr.o)
                              /Applications/STM32CubeIDE.app/Contents/Eclipse/plugins/com.st.stm32cube.ide.mcu.externaltools.gnu-tools-for-stm32.11.3.rel1.macos64_1.1.100.202310310803/tools/bin/../lib/gcc/arm-none-eabi/11.3.1/../../../../arm-none-eabi/lib/thumb/v7e-m+fp/hard/libc_nano.a(libc_a-malloc.o) (_malloc_r)
/Applications/STM32CubeIDE.app/Contents/Eclipse/plugins/com.st.stm32cube.ide.mcu.externaltools.gnu-tools-for-stm32.11.3.rel1.macos64_1.1.100.202310310803/tools/bin/../lib/gcc/arm-none-eabi/11.3.1/../../../../arm-none-eabi/lib/thumb/v7e-m+fp/hard/libc_nano.a(libc_a-mlock.o)
                              /Applications/STM32CubeIDE.app/Contents/Eclipse/plugins/com.st.stm32cube.ide.mcu.externaltools.gnu-tools-for-stm32.11.3.rel1.macos64_1.1.100.202310310803/tools/bin/../lib/gcc/arm-none-eabi/11.3.1/../../../../arm-none-eabi/lib/thumb/v7e-m+fp/hard/libc_nano.a(libc_a-mallocr.o) (__malloc_lock)
/Applications/STM32CubeIDE.app/Contents/Eclipse/plugins/com.st.stm32cube.ide.mcu.externaltools.gnu-tools-for-stm32.11.3.rel1.macos64_1.1.100.202310310803/tools/bin/../lib/gcc/arm-none-eabi/11.3.1/../../../../arm-none-eabi/lib/thumb/v7e-m+fp/hard/libc_nano.a(libc_a-findfp.o)
                              /Applications/STM32CubeIDE.app/Contents/Eclipse/plugins/com.st.stm32cube.ide.mcu.externaltools.gnu-tools-for-stm32.11.3.rel1.macos64_1.1.100.202310310803/tools/bin/../lib/gcc/arm-none-eabi/11.3.1/../../../../arm-none-eabi/lib/thumb/v7e-m+fp/hard/libc_nano.a(libc_a-exit.o) (__stdio_exit_handler)
/Applications/STM32CubeIDE.app/Contents/Eclipse/plugins/com.st.stm32cube.ide.mcu.externaltools.gnu-tools-for-stm32.11.3.rel1.macos64_1.1.100.202310310803/tools/bin/../lib/gcc/arm-none-eabi/11.3.1/../../../../arm-none-eabi/lib/thumb/v7e-m+fp/hard/libc_nano.a(libc_a-strtol.o)
                              /Applications/STM32CubeIDE.app/Contents/Eclipse/plugins/com.st.stm32cube.ide.mcu.externaltools.gnu-tools-for-stm32.11.3.rel1.macos64_1.1.100.202310310803/tools/bin/../lib/gcc/arm-none-eabi/11.3.1/../../../../arm-none-eabi/lib/thumb/v7e-m+fp/hard/libc_nano.a(libc_a-atoi.o) (_strtol_r)
/Applications/STM32CubeIDE.app/Contents/Eclipse/plugins/com.st.stm32cube.ide.mcu.externaltools.gnu-tools-for-stm32.11.3.rel1.macos64_1.1.100.202310310803/tools/bin/../lib/gcc/arm-none-eabi/11.3.1/../../../../arm-none-eabi/lib/thumb/v7e-m+fp/hard/libc_nano.a(libc_a-strtoul.o)
                              ./Src/main.o (strtoul)
/Applications/STM32CubeIDE.app/Contents/Eclipse/plugins/com.st.stm32cube.ide.mcu.externaltools.gnu-tools-for-stm32.11.3.rel1.macos64_1.1.100.202310310803/tools/bin/../lib/gcc/arm-none-eabi/11.3.1/../../../../arm-none-eabi/lib/thumb/v7e-m+fp/hard/libc_nano.a(libc_a-fwalk.o)
                              /Applications/STM32CubeIDE.app/Contents/Eclipse/plugins/com.st.stm32cube.ide.mcu.externaltools.gnu-tools-for-stm32.11.3.rel1.macos64_1.1.100.202310310803/tools/bin/../lib/gcc/arm-none-eabi/11.3.1/../../../../arm-none-eabi/lib/thumb/v7e-m+fp/hard/libc_nano.a(libc_a-findfp.o) (_fwalk_sglue)
/Applications/STM32CubeIDE.app/Contents/Eclipse/plugins/com.st.stm32cube.ide.mcu.externaltools.gnu-tools-for-stm32.11.3.rel1.macos64_1.1.100.202310310803/tools/bin/../lib/gcc/arm-none-eabi/11.3.1/../../../../arm-none-eabi/lib/thumb/v7e-m+fp/hard/libc_nano.a(libc_a-memset.o)
[...]
Memory Configuration

Name             Origin             Length             Attributes
CCMRAM           0x0000000010000000 0x0000000000002000 xrw
RAM              0x0000000020000000 0x000000000000a000 xrw
FLASH            0x0000000008000000 0x0000000000040000 xr
*default*        0x0000000000000000 0xffffffffffffffff

Linker script and memory map

LOAD /Applications/STM32CubeIDE.app/Contents/Eclipse/plugins/com.st.stm32cube.ide.mcu.externaltools.gnu-tools-for-stm32.11.3.rel1.macos64_1.1.100.202310310803/tools/bin/../lib/gcc/arm-none-eabi/11.3.1/thumb/v7e-m+fp/hard/crti.o
LOAD /Applications/STM32CubeIDE.app/Contents/Eclipse/plugins/com.st.stm32cube.ide.mcu.externaltools.gnu-tools-for-stm32.11.3.rel1.macos64_1.1.100.202310310803/tools/bin/../lib/gcc/arm-none-eabi/11.3.1/thumb/v7e-m+fp/hard/crtbegin.o
LOAD /Applications/STM32CubeIDE.app/Contents/Eclipse/plugins/com.st.stm32cube.ide.mcu.externaltools.gnu-tools-for-stm32.11.3.rel1.macos64_1.1.100.202310310803/tools/bin/../lib/gcc/arm-none-eabi/11.3.1/../../../../arm-none-eabi/lib/thumb/v7e-m+fp/hard/crt0.o
LOAD ./Src/digital_io.o
LOAD ./Src/main.o
LOAD ./Src/serial.o
LOAD ./Src/syscalls.o
LOAD ./Src/sysmem.o
LOAD ./Src/timers.o
LOAD ./Startup/startup_stm32f303vctx.o
START GROUP
LOAD /Applications/STM32CubeIDE.app/Contents/Eclipse/plugins/com.st.stm32cube.ide.mcu.externaltools.gnu-tools-for-stm32.11.3.rel1.macos64_1.1.100.202310310803/tools/bin/../lib/gcc/arm-none-eabi/11.3.1/../../../../arm-none-eabi/lib/thumb/v7e-m+fp/hard/libc_nano.a
LOAD /Applications/STM32CubeIDE.app/Contents/Eclipse/plugins/com.st.stm32cube.ide.mcu.externaltools.gnu-tools-for-stm32.11.3.rel1.macos64_1.1.100.202310310803/tools/bin/../lib/gcc/arm-none-eabi/11.3.1/../../../../arm-none-eabi/lib/thumb/v7e-m+fp/hard/libm.a
END GROUP
START GROUP
LOAD /Applications/STM32CubeIDE.app/Contents/Eclipse/plugins/com.st.stm32cube.ide.mcu.externaltools.gnu-tools-for-stm32.11.3.rel1.macos64_1.1.100.202310310803/tools/bin/../lib/gcc/arm-none-eabi/11.3.1/thumb/v7e-m+fp/hard/libgcc.a
LOAD /Applications/STM32CubeIDE.app/Contents/Eclipse/plugins/com.st.stm32cube.ide.mcu.externaltools.gnu-tools-for-stm32.11.3.rel1.macos64_1.1.100.202310310803/tools/bin/../lib/gcc/arm-none-eabi/11.3.1/../../../../arm-none-eabi/lib/thumb/v7e-m+fp/hard/libc_nano.a
END GROUP
START GROUP
LOAD /Applications/STM32CubeIDE.app/Contents/Eclipse/plugins/com.st.stm32cube.ide.mcu.externaltools.gnu-tools-for-stm32.11.3.rel1.macos64_1.1.100.202310310803/tools/bin/../lib/gcc/arm-none-eabi/11.3.1/thumb/v7e-m+fp/hard/libgcc.a
LOAD /Applications/STM32CubeIDE.app/Contents/Eclipse/plugins/com.st.stm32cube.ide.mcu.externaltools.gnu-tools-for-stm32.11.3.rel1.macos64_1.1.100.202310310803/tools/bin/../lib/gcc/arm-none-eabi/11.3.1/../../../../arm-none-eabi/lib/thumb/v7e-m+fp/hard/libc_nano.a
LOAD /Applications/STM32CubeIDE.app/Contents/Eclipse/plugins/com.st.stm32cube.ide.mcu.externaltools.gnu-tools-for-stm32.11.3.rel1.macos64_1.1.100.202310310803/tools/bin/../lib/gcc/arm-none-eabi/11.3.1/../../../../arm-none-eabi/lib/thumb/v7e-m+fp/hard/libnosys.a
END GROUP
START GROUP
LOAD /Applications/STM32CubeIDE.app/Contents/Eclipse/plugins/com.st.stm32cube.ide.mcu.externaltools.gnu-tools-for-stm32.11.3.rel1.macos64_1.1.100.202310310803/tools/bin/../lib/gcc/arm-none-eabi/11.3.1/thumb/v7e-m+fp/hard/libgcc.a
LOAD /Applications/STM32CubeIDE.app/Contents/Eclipse/plugins/com.st.stm32cube.ide.mcu.externaltools.gnu-tools-for-stm32.11.3.rel1.macos64_1.1.100.202310310803/tools/bin/../lib/gcc/arm-none-eabi/11.3.1/../../../../arm-none-eabi/lib/thumb/v7e-m+fp/hard/libc_nano.a
LOAD /Applications/STM32CubeIDE.app/Contents/Eclipse/plugins/com.st.stm32cube.ide.mcu.externaltools.gnu-tools-for-stm32.11.3.rel1.macos64_1.1.100.202310310803/tools/bin/../lib/gcc/arm-none-eabi/11.3.1/../../../../arm-none-eabi/lib/thumb/v7e-m+fp/hard/libnosys.a
END GROUP
LOAD /Applications/STM32CubeIDE.app/Contents/Eclipse/plugins/com.st.stm32cube.ide.mcu.externaltools.gnu-tools-for-stm32.11.3.rel1.macos64_1.1.100.202310310803/tools/bin/../lib/gcc/arm-none-eabi/11.3.1/thumb/v7e-m+fp/hard/crtend.o
LOAD /Applications/STM32CubeIDE.app/Contents/Eclipse/plugins/com.st.stm32cube.ide.mcu.externaltools.gnu-tools-for-stm32.11.3.rel1.macos64_1.1.100.202310310803/tools/bin/../lib/gcc/arm-none-eabi/11.3.1/thumb/v7e-m+fp/hard/crtn.o
                0x000000002000a000                _estack = (ORIGIN (RAM) + LENGTH (RAM))
                0x0000000000000200                _Min_Heap_Size = 0x200
                0x0000000000000400                _Min_Stack_Size = 0x400

.isr_vector     0x0000000008000000      0x194
                0x0000000008000000                . = ALIGN (0x4)
 *(.isr_vector)
 .isr_vector    0x0000000008000000      0x194 ./Startup/startup_stm32f303vctx.o
                0x0000000008000000                g_pfnVectors
                0x0000000008000194                . = ALIGN (0x4)

.text           0x0000000008000194     0x1154
                0x0000000008000194                . = ALIGN (0x4)
 *(.text)
 .text          0x0000000008000194       0x40 /Applications/STM32CubeIDE.app/Contents/Eclipse/plugins/com.st.stm32cube.ide.mcu.externaltools.gnu-tools-for-stm32.11.3.rel1.macos64_1.1.100.202310310803/tools/bin/../lib/gcc/arm-none-eabi/11.3.1/thumb/v7e-m+fp/hard/crtbegin.o
 .text          0x00000000080001d4       0x14 /Applications/STM32CubeIDE.app/Contents/Eclipse/plugins/com.st.stm32cube.ide.mcu.externaltools.gnu-tools-for-stm32.11.3.rel1.macos64_1.1.100.202310310803/tools/bin/../lib/gcc/arm-none-eabi/11.3.1/../../../../arm-none-eabi/lib/thumb/v7e-m+fp/hard/libc_nano.a(libc_a-strcmp.o)
                0x00000000080001d4                strcmp
 *(.text*)
 .text.EXTI0_IRQHandler
                0x00000000080001e8       0x2c ./Src/digital_io.o
                0x00000000080001e8                EXTI0_IRQHandler
 .text.set_led_state
                0x0000000008000214       0x28 ./Src/digital_io.o
                0x0000000008000214                set_led_state
 .text.__NVIC_EnableIRQ
                0x000000000800023c       0x3c ./Src/main.o
 .text.USART1_EXTI25_IRQHandler
                0x0000000008000278       0x1c ./Src/main.o
                0x0000000008000278                USART1_EXTI25_IRQHandler
 .text.TIM2_IRQHandler
                0x0000000008000294       0x20 ./Src/main.o
                0x0000000008000294                TIM2_IRQHandler
 .text.TIM3_IRQHandler
                0x00000000080002b4       0x24 ./Src/main.o
                0x00000000080002b4                TIM3_IRQHandler
 .text.LED_increase
                0x00000000080002d8       0x78 ./Src/main.o
                0x00000000080002d8                LED_increase
 .text.main     0x0000000008000350      0x150 ./Src/main.o
                0x0000000008000350                main
 .text.SerialInitialise
                0x00000000080004a0      0x100 ./Src/serial.o
                0x00000000080004a0                SerialInitialise
 .text.SerialOutputChar
                0x00000000080005a0       0x32 ./Src/serial.o
                0x00000000080005a0                SerialOutputChar
 .text.SerialOutputString
                0x00000000080005d2       0x3a ./Src/serial.o
                0x00000000080005d2                SerialOutputString
 .text.SerialReadChar
                0x000000000800060c       0xa4 ./Src/serial.o
                0x000000000800060c                SerialReadChar
 .text.LED_string
                0x00000000080006b0       0x48 ./Src/serial.o
                0x00000000080006b0                LED_string
 .text.switch_buffers
                0x00000000080006f8       0x40 ./Src/serial.o
                0x00000000080006f8                switch_buffers
 .text.read_into_kernel
                0x0000000008000738       0x28 ./Src/serial.o
                0x0000000008000738                read_into_kernel
 .text.read_from_user_buffer
                0x0000000008000760       0x78 ./Src/serial.o
                0x0000000008000760                read_from_user_buffer
 .text.Receive_Data
                0x00000000080007d8       0x60 ./Src/serial.o
                0x00000000080007d8                Receive_Data
 .text.Get_Command
                0x0000000008000838       0x8e ./Src/serial.o
                0x0000000008000838                Get_Command
 *fill*         0x00000000080008c6        0x2 
 .text._sbrk    0x00000000080008c8       0x6c ./Src/sysmem.o
                0x00000000080008c8                _sbrk
 .text.__NVIC_EnableIRQ
                0x0000000008000934       0x3c ./Src/timers.o
 .text.__NVIC_SetPriority
                0x0000000008000970       0x54 ./Src/timers.o
 .text.enable_clocks
                0x00000000080009c4       0x20 ./Src/timers.o
                0x00000000080009c4                enable_clocks
 .text.initialise_board
                0x00000000080009e4       0x24 ./Src/timers.o
                0x00000000080009e4                initialise_board
 .text.set_max_count
                0x0000000008000a08       0x1e ./Src/timers.o
                0x0000000008000a08                set_max_count
 .text.set_psc_value
                0x0000000008000a26       0x1e ./Src/timers.o
                0x0000000008000a26                set_psc_value
 .text.delay_set
                0x0000000008000a44       0x46 ./Src/timers.o
                0x0000000008000a44                delay_set
 .text.reset_timer_2
                0x0000000008000a8a       0x1e ./Src/timers.o
                0x0000000008000a8a                reset_timer_2
 .text.reset_UIF_2
                0x0000000008000aa8       0x1e ./Src/timers.o
                0x0000000008000aa8                reset_UIF_2
 .text.max_count_value_timer_2
                0x0000000008000ac6       0x22 ./Src/timers.o
                0x0000000008000ac6                max_count_value_timer_2
 .text.start_timer_2
                0x0000000008000ae8       0x1e ./Src/timers.o
                0x0000000008000ae8                start_timer_2
 .text.set_prescaler_timer_2
                0x0000000008000b06       0x22 ./Src/timers.o
                0x0000000008000b06                set_prescaler_timer_2
 .text.general_initialisation
                0x0000000008000b28       0x10 ./Src/timers.o
                0x0000000008000b28                general_initialisation
 .text.timer_2_initialisation
                0x0000000008000b38       0x40 ./Src/timers.o
                0x0000000008000b38                timer_2_initialisation
 .text.enable_interrupt_timer_2
                0x0000000008000b78       0x2e ./Src/timers.o
                0x0000000008000b78                enable_interrupt_timer_2
 .text.disable_timer_2_interrupt
                0x0000000008000ba6       0x1e ./Src/timers.o
                0x0000000008000ba6                disable_timer_2_interrupt
 .text.timer_2_set
                0x0000000008000bc4       0x28 ./Src/timers.o
                0x0000000008000bc4                timer_2_set
 .text.regular_timer
                0x0000000008000bec       0x22 ./Src/timers.o
                0x0000000008000bec                regular_timer
 *fill*         0x0000000008000c0e        0x2 
 .text.reset_timer_3
                0x0000000008000c10       0x20 ./Src/timers.o
                0x0000000008000c10                reset_timer_3
 .text.reset_UIF_3
                0x0000000008000c30       0x20 ./Src/timers.o
                0x0000000008000c30                reset_UIF_3
 .text.max_count_value_timer_3
                0x0000000008000c50       0x24 ./Src/timers.o
                0x0000000008000c50                max_count_value_timer_3
 .text.start_timer_3
                0x0000000008000c74       0x20 ./Src/timers.o
                0x0000000008000c74                start_timer_3
 .text.set_prescaler_timer_3
                0x0000000008000c94       0x24 ./Src/timers.o
                0x0000000008000c94                set_prescaler_timer_3
 .text.timer_3_initialisation
                0x0000000008000cb8       0x40 ./Src/timers.o
                0x0000000008000cb8                timer_3_initialisation
 .text.enable_interrupt_timer_3
                0x0000000008000cf8       0x30 ./Src/timers.o
                0x0000000008000cf8                enable_interrupt_timer_3
 .text.disable_timer_3_interrupt
                0x0000000008000d28       0x20 ./Src/timers.o
                0x0000000008000d28                disable_timer_3_interrupt
 .text.timer_3_set
                0x0000000008000d48       0x28 ./Src/timers.o
                0x0000000008000d48                timer_3_set
 .text.one_shot
                0x0000000008000d70       0x22 ./Src/timers.o
                0x0000000008000d70                one_shot
 *fill*         0x0000000008000d92        0x2 
 .text.LED_all  0x0000000008000d94       0x24 ./Src/timers.o
                0x0000000008000d94                LED_all
 .text.LED_off  0x0000000008000db8       0x24 ./Src/timers.o
                0x0000000008000db8                LED_off
 .text.Reset_Handler
                0x0000000008000ddc       0x50 ./Startup/startup_stm32f303vctx.o
                0x0000000008000ddc                Reset_Handler
 .text.Default_Handler
                0x0000000008000e2c        0x2 ./Startup/startup_stm32f303vctx.o
                0x0000000008000e2c                TIM1_BRK_TIM15_IRQHandler
                0x0000000008000e2c                TIM8_CC_IRQHandler
                0x0000000008000e2c                DebugMon_Handler
                0x0000000008000e2c                DMA1_CH4_IRQHandler
                0x0000000008000e2c                SPI4_IRQHandler
                0x0000000008000e2c                TIM1_CC_IRQHandler
                0x0000000008000e2c                HardFault_Handler
                0x0000000008000e2c                USB_HP_IRQHandler
                0x0000000008000e2c                I2C2_EV_EXTI24_IRQHandler
                0x0000000008000e2c                SysTick_Handler
                0x0000000008000e2c                USB_WKUP_EXTI_IRQHandler
                0x0000000008000e2c                PVD_IRQHandler
                0x0000000008000e2c                UART4_EXTI34_IRQHandler
                0x0000000008000e2c                TAMP_STAMP_IRQHandler
                0x0000000008000e2c                PendSV_Handler
                0x0000000008000e2c                NMI_Handler
                0x0000000008000e2c                EXTI3_IRQHandler
                0x0000000008000e2c                I2C3_ER_IRQHandler
                0x0000000008000e2c                TIM6_DACUNDER_IRQHandler
                0x0000000008000e2c                USB_HP_CAN_TX_IRQHandler
                0x0000000008000e2c                DMA2_CH1_IRQHandler
                0x0000000008000e2c                TIM1_UP_TIM16_IRQHandler
                0x0000000008000e2c                UsageFault_Handler
                0x0000000008000e2c                ADC1_2_IRQHandler
                0x0000000008000e2c                SPI1_IRQHandler
                0x0000000008000e2c                CAN_SCE_IRQHandler
                0x0000000008000e2c                DMA1_CH7_IRQHandler
                0x0000000008000e2c                TIM8_UP_IRQHandler
                0x0000000008000e2c                COMP456_IRQHandler
                0x0000000008000e2c                DMA1_CH6_IRQHandler
                0x0000000008000e2c                TIM20_TRG_COM_IRQHandler
                0x0000000008000e2c                ADC3_IRQHandler
                0x0000000008000e2c                TIM4_IRQHandler
                0x0000000008000e2c                CAN_RX1_IRQHandler
                0x0000000008000e2c                DMA2_CH5_IRQHandler
                0x0000000008000e2c                I2C1_EV_EXTI23_IRQHandler
                0x0000000008000e2c                DMA1_CH3_IRQHandler
                0x0000000008000e2c                RCC_IRQHandler
                0x0000000008000e2c                TIM20_UP_IRQHandler
                0x0000000008000e2c                Default_Handler
                0x0000000008000e2c                EXTI15_10_IRQHandler
                0x0000000008000e2c                USART2_EXTI26_IRQHandler
                0x0000000008000e2c                USART3_EXTI28_IRQHandler
                0x0000000008000e2c                TIM7_IRQHandler
                0x0000000008000e2c                I2C3_EV_IRQHandler
                0x0000000008000e2c                EXTI9_5_IRQHandler
                0x0000000008000e2c                DMA1_CH2_IRQHandler
                0x0000000008000e2c                RTC_WKUP_IRQHandler
                0x0000000008000e2c                SPI2_IRQHandler
                0x0000000008000e2c                DMA1_CH1_IRQHandler
                0x0000000008000e2c                USB_LP_CAN_RX0_IRQHandler
                0x0000000008000e2c                MemManage_Handler
                0x0000000008000e2c                COMP123_IRQHandler
                0x0000000008000e2c                SVC_Handler
                0x0000000008000e2c                USB_LP_IRQHandler
                0x0000000008000e2c                EXTI4_IRQHandler
                0x0000000008000e2c                TIM1_TRG_COM_TIM17_IRQHandler
                0x0000000008000e2c                ADC4_IRQHandler
                0x0000000008000e2c                WWDG_IRQHandler
                0x0000000008000e2c                COMP7_IRQHandler
                0x0000000008000e2c                EXTI1_IRQHandler
                0x0000000008000e2c                RTCAlarm_IRQHandler
                0x0000000008000e2c                UART5_EXTI35_IRQHandler
                0x0000000008000e2c                TIM20_BRK_IRQHandler
                0x0000000008000e2c                I2C2_ER_IRQHandler
                0x0000000008000e2c                TIM8_BRK_IRQHandler
                0x0000000008000e2c                FLASH_IRQHandler
                0x0000000008000e2c                TIM20_CC_IRQHandler
                0x0000000008000e2c                BusFault_Handler
                0x0000000008000e2c                SPI3_IRQHandler
                0x0000000008000e2c                DMA2_CH3_IRQHandler
                0x0000000008000e2c                DMA2_CH2_IRQHandler
                0x0000000008000e2c                I2C1_ER_IRQHandler
                0x0000000008000e2c                FMC_IRQHandler
                0x0000000008000e2c                DMA1_CH5_IRQHandler
                0x0000000008000e2c                DMA2_CH4_IRQHandler
                0x0000000008000e2c                USB_WKUP_IRQHandler
                0x0000000008000e2c                EXTI2_TSC_IRQHandler
                0x0000000008000e2c                TIM8_TRG_COM_IRQHandler
 .text.atoi     0x0000000008000e2e        0x8 /Applications/STM32CubeIDE.app/Contents/Eclipse/plugins/com.st.stm32cube.ide.mcu.externaltools.gnu-tools-for-stm32.11.3.rel1.macos64_1.1.100.202310310803/tools/bin/../lib/gcc/arm-none-eabi/11.3.1/../../../../arm-none-eabi/lib/thumb/v7e-m+fp/hard/libc_nano.a(libc_a-atoi.o)
                0x0000000008000e2e                atoi
 *fill*         0x0000000008000e36        0x2 
 .text.malloc   0x0000000008000e38       0x10 /Applications/STM32CubeIDE.app/Contents/Eclipse/plugins/com.st.stm32cube.ide.mcu.externaltools.gnu-tools-for-stm32.11.3.rel1.macos64_1.1.100.202310310803/tools/bin/../lib/gcc/arm-none-eabi/11.3.1/../../../../arm-none-eabi/lib/thumb/v7e-m+fp/hard/libc_nano.a(libc_a-malloc.o)
                0x0000000008000e38                malloc
 .text.free     0x0000000008000e48       0x10 /Applications/STM32CubeIDE.app/Contents/Eclipse/plugins/com.st.stm32cube.ide.mcu.externaltools.gnu-tools-for-stm32.11.3.rel1.macos64_1.1.100.202310310803/tools/bin/../lib/gcc/arm-none-eabi/11.3.1/../../../../arm-none-eabi/lib/thumb/v7e-m+fp/hard/libc_nano.a(libc_a-malloc.o)
                0x0000000008000e48                free
 .text.sbrk_aligned
                0x0000000008000e58       0x40 /Applications/STM32CubeIDE.app/Contents/Eclipse/plugins/com.st.stm32cube.ide.mcu.externaltools.gnu-tools-for-stm32.11.3.rel1.macos64_1.1.100.202310310803/tools/bin/../lib/gcc/arm-none-eabi/11.3.1/../../../../arm-none-eabi/lib/thumb/v7e-m+fp/hard/libc_nano.a(libc_a-mallocr.o)
 .text._malloc_r
                0x0000000008000e98      0x100 /Applications/STM32CubeIDE.app/Contents/Eclipse/plugins/com.st.stm32cube.ide.mcu.externaltools.gnu-tools-for-stm32.11.3.rel1.macos64_1.1.100.202310310803/tools/bin/../lib/gcc/arm-none-eabi/11.3.1/../../../../arm-none-eabi/lib/thumb/v7e-m+fp/hard/libc_nano.a(libc_a-mallocr.o)
                0x0000000008000e98                _malloc_r
 .text.__malloc_lock
                0x0000000008000f98        0xc /Applications/STM32CubeIDE.app/Contents/Eclipse/plugins/com.st.stm32cube.ide.mcu.externaltools.gnu-tools-for-stm32.11.3.rel1.macos64_1.1.100.202310310803/tools/bin/../lib/gcc/arm-none-eabi/11.3.1/../../../../arm-none-eabi/lib/thumb/v7e-m+fp/hard/libc_nano.a(libc_a-mlock.o)
                0x0000000008000f98                __malloc_lock
 .text.__malloc_unlock
                0x0000000008000fa4        0xc /Applications/STM32CubeIDE.app/Contents/Eclipse/plugins/com.st.stm32cube.ide.mcu.externaltools.gnu-tools-for-stm32.11.3.rel1.macos64_1.1.100.202310310803/tools/bin/../lib/gcc/arm-none-eabi/11.3.1/../../../../arm-none-eabi/lib/thumb/v7e-m+fp/hard/libc_nano.a(libc_a-mlock.o)
                0x0000000008000fa4                __malloc_unlock
 .text._strtol_l.constprop.0
                0x0000000008000fb0      0x104 /Applications/STM32CubeIDE.app/Contents/Eclipse/plugins/com.st.stm32cube.ide.mcu.externaltools.gnu-tools-for-stm32.11.3.rel1.macos64_1.1.100.202310310803/tools/bin/../lib/gcc/arm-none-eabi/11.3.1/../../../../arm-none-eabi/lib/thumb/v7e-m+fp/hard/libc_nano.a(libc_a-strtol.o)
 .text.strtol   0x00000000080010b4       0x14 /Applications/STM32CubeIDE.app/Contents/Eclipse/plugins/com.st.stm32cube.ide.mcu.externaltools.gnu-tools-for-stm32.11.3.rel1.macos64_1.1.100.202310310803/tools/bin/../lib/gcc/arm-none-eabi/11.3.1/../../../../arm-none-eabi/lib/thumb/v7e-m+fp/hard/libc_nano.a(libc_a-strtol.o)
                0x00000000080010b4                strtol
 .text._strtoul_l.constprop.0
                0x00000000080010c8       0xe4 /Applications/STM32CubeIDE.app/Contents/Eclipse/plugins/com.st.stm32cube.ide.mcu.externaltools.gnu-tools-for-stm32.11.3.rel1.macos64_1.1.100.202310310803/tools/bin/../lib/gcc/arm-none-eabi/11.3.1/../../../../arm-none-eabi/lib/thumb/v7e-m+fp/hard/libc_nano.a(libc_a-strtoul.o)
 .text.strtoul  0x00000000080011ac       0x14 /Applications/STM32CubeIDE.app/Contents/Eclipse/plugins/com.st.stm32cube.ide.mcu.externaltools.gnu-tools-for-stm32.11.3.rel1.macos64_1.1.100.202310310803/tools/bin/../lib/gcc/arm-none-eabi/11.3.1/../../../../arm-none-eabi/lib/thumb/v7e-m+fp/hard/libc_nano.a(libc_a-strtoul.o)
                0x00000000080011ac                strtoul
 .text._sbrk_r  0x00000000080011c0       0x20 /Applications/STM32CubeIDE.app/Contents/Eclipse/plugins/com.st.stm32cube.ide.mcu.externaltools.gnu-tools-for-stm32.11.3.rel1.macos64_1.1.100.202310310803/tools/bin/../lib/gcc/arm-none-eabi/11.3.1/../../../../arm-none-eabi/lib/thumb/v7e-m+fp/hard/libc_nano.a(libc_a-sbrkr.o)
                0x00000000080011c0                _sbrk_r
 .text.__errno  0x00000000080011e0        0xc /Applications/STM32CubeIDE.app/Contents/Eclipse/plugins/com.st.stm32cube.ide.mcu.externaltools.gnu-tools-for-stm32.11.3.rel1.macos64_1.1.100.202310310803/tools/bin/../lib/gcc/arm-none-eabi/11.3.1/../../../../arm-none-eabi/lib/thumb/v7e-m+fp/hard/libc_nano.a(libc_a-errno.o)
                0x00000000080011e0                __errno
 .text.__libc_init_array
                0x00000000080011ec       0x48 /Applications/STM32CubeIDE.app/Contents/Eclipse/plugins/com.st.stm32cube.ide.mcu.externaltools.gnu-tools-for-stm32.11.3.rel1.macos64_1.1.100.202310310803/tools/bin/../lib/gcc/arm-none-eabi/11.3.1/../../../../arm-none-eabi/lib/thumb/v7e-m+fp/hard/libc_nano.a(libc_a-init.o)
                0x00000000080011ec                __libc_init_array
 .text.__retarget_lock_acquire_recursive
                0x0000000008001234        0x2 /Applications/STM32CubeIDE.app/Contents/Eclipse/plugins/com.st.stm32cube.ide.mcu.externaltools.gnu-tools-for-stm32.11.3.rel1.macos64_1.1.100.202310310803/tools/bin/../lib/gcc/arm-none-eabi/11.3.1/../../../../arm-none-eabi/lib/thumb/v7e-m+fp/hard/libc_nano.a(libc_a-lock.o)
                0x0000000008001234                __retarget_lock_acquire_recursive
 .text.__retarget_lock_release_recursive
                0x0000000008001236        0x2 /Applications/STM32CubeIDE.app/Contents/Eclipse/plugins/com.st.stm32cube.ide.mcu.externaltools.gnu-tools-for-stm32.11.3.rel1.macos64_1.1.100.202310310803/tools/bin/../lib/gcc/arm-none-eabi/11.3.1/../../../../arm-none-eabi/lib/thumb/v7e-m+fp/hard/libc_nano.a(libc_a-lock.o)
                0x0000000008001236                __retarget_lock_release_recursive
 .text._free_r  0x0000000008001238       0x98 /Applications/STM32CubeIDE.app/Contents/Eclipse/plugins/com.st.stm32cube.ide.mcu.externaltools.gnu-tools-for-stm32.11.3.rel1.macos64_1.1.100.202310310803/tools/bin/../lib/gcc/arm-none-eabi/11.3.1/../../../../arm-none-eabi/lib/thumb/v7e-m+fp/hard/libc_nano.a(libc_a-freer.o)
                0x0000000008001238                _free_r
 *(.glue_7)
 .glue_7        0x00000000080012d0        0x0 linker stubs
 *(.glue_7t)
 .glue_7t       0x00000000080012d0        0x0 linker stubs
 *(.eh_frame)
 .eh_frame      0x00000000080012d0        0x0 /Applications/STM32CubeIDE.app/Contents/Eclipse/plugins/com.st.stm32cube.ide.mcu.externaltools.gnu-tools-for-stm32.11.3.rel1.macos64_1.1.100.202310310803/tools/bin/../lib/gcc/arm-none-eabi/11.3.1/thumb/v7e-m+fp/hard/crtbegin.o
 *(.init)
 .init          0x00000000080012d0        0x4 /Applications/STM32CubeIDE.app/Contents/Eclipse/plugins/com.st.stm32cube.ide.mcu.externaltools.gnu-tools-for-stm32.11.3.rel1.macos64_1.1.100.202310310803/tools/bin/../lib/gcc/arm-none-eabi/11.3.1/thumb/v7e-m+fp/hard/crti.o
                0x00000000080012d0                _init
 .init          0x00000000080012d4        0x8 /Applications/STM32CubeIDE.app/Contents/Eclipse/plugins/com.st.stm32cube.ide.mcu.externaltools.gnu-tools-for-stm32.11.3.rel1.macos64_1.1.100.202310310803/tools/bin/../lib/gcc/arm-none-eabi/11.3.1/thumb/v7e-m+fp/hard/crtn.o
 *(.fini)
 .fini          0x00000000080012dc        0x4 /Applications/STM32CubeIDE.app/Contents/Eclipse/plugins/com.st.stm32cube.ide.mcu.externaltools.gnu-tools-for-stm32.11.3.rel1.macos64_1.1.100.202310310803/tools/bin/../lib/gcc/arm-none-eabi/11.3.1/thumb/v7e-m+fp/hard/crti.o
                0x00000000080012dc                _fini
 .fini          0x00000000080012e0        0x8 /Applications/STM32CubeIDE.app/Contents/Eclipse/plugins/com.st.stm32cube.ide.mcu.externaltools.gnu-tools-for-stm32.11.3.rel1.macos64_1.1.100.202310310803/tools/bin/../lib/gcc/arm-none-eabi/11.3.1/thumb/v7e-m+fp/hard/crtn.o
                0x00000000080012e8                . = ALIGN (0x4)
                0x00000000080012e8                _etext = .

.vfp11_veneer   0x00000000080012e8        0x0
 .vfp11_veneer  0x00000000080012e8        0x0 linker stubs

.v4_bx          0x00000000080012e8        0x0
 .v4_bx         0x00000000080012e8        0x0 linker stubs

.iplt           0x00000000080012e8        0x0
 .iplt          0x00000000080012e8        0x0 /Applications/STM32CubeIDE.app/Contents/Eclipse/plugins/com.st.stm32cube.ide.mcu.externaltools.gnu-tools-for-stm32.11.3.rel1.macos64_1.1.100.202310310803/tools/bin/../lib/gcc/arm-none-eabi/11.3.1/thumb/v7e-m+fp/hard/crtbegin.o

.rodata         0x00000000080012e8      0x128
                0x00000000080012e8                . = ALIGN (0x4)
 *(.rodata)
 .rodata        0x00000000080012e8       0x24 ./Src/main.o
 *(.rodata*)
 .rodata._ctype_
                0x000000000800130c      0x101 /Applications/STM32CubeIDE.app/Contents/Eclipse/plugins/com.st.stm32cube.ide.mcu.externaltools.gnu-tools-for-stm32.11.3.rel1.macos64_1.1.100.202310310803/tools/bin/../lib/gcc/arm-none-eabi/11.3.1/../../../../arm-none-eabi/lib/thumb/v7e-m+fp/hard/libc_nano.a(libc_a-ctype_.o)
                0x000000000800130c                _ctype_
                0x0000000008001410                . = ALIGN (0x4)
 *fill*         0x000000000800140d        0x3 

.rel.dyn        0x0000000008001410        0x0
 .rel.iplt      0x0000000008001410        0x0 /Applications/STM32CubeIDE.app/Contents/Eclipse/plugins/com.st.stm32cube.ide.mcu.externaltools.gnu-tools-for-stm32.11.3.rel1.macos64_1.1.100.202310310803/tools/bin/../lib/gcc/arm-none-eabi/11.3.1/thumb/v7e-m+fp/hard/crtbegin.o

.ARM.extab      0x0000000008001410        0x0
                0x0000000008001410                . = ALIGN (0x4)
 *(.ARM.extab* .gnu.linkonce.armextab.*)
                0x0000000008001410                . = ALIGN (0x4)

.ARM            0x0000000008001410        0x0
                0x0000000008001410                . = ALIGN (0x4)
                0x0000000008001410                __exidx_start = .
 *(.ARM.exidx*)
                0x0000000008001410                __exidx_end = .
                0x0000000008001410                . = ALIGN (0x4)

.preinit_array  0x0000000008001410        0x0
                0x0000000008001410                . = ALIGN (0x4)
                0x0000000008001410                PROVIDE (__preinit_array_start = .)
 *(.preinit_array*)
                0x0000000008001410                PROVIDE (__preinit_array_end = .)
                0x0000000008001410                . = ALIGN (0x4)

.init_array     0x0000000008001410        0x4
                0x0000000008001410                . = ALIGN (0x4)
                0x0000000008001410                PROVIDE (__init_array_start = .)
 *(SORT_BY_NAME(.init_array.*))
 *(.init_array*)
 .init_array    0x0000000008001410        0x4 /Applications/STM32CubeIDE.app/Contents/Eclipse/plugins/com.st.stm32cube.ide.mcu.externaltools.gnu-tools-for-stm32.11.3.rel1.macos64_1.1.100.202310310803/tools/bin/../lib/gcc/arm-none-eabi/11.3.1/thumb/v7e-m+fp/hard/crtbegin.o
                0x0000000008001414                PROVIDE (__init_array_end = .)
                0x0000000008001414                . = ALIGN (0x4)

.fini_array     0x0000000008001414        0x4
                0x0000000008001414                . = ALIGN (0x4)
                [!provide]                        PROVIDE (__fini_array_start = .)
 *(SORT_BY_NAME(.fini_array.*))
 *(.fini_array*)
 .fini_array    0x0000000008001414        0x4 /Applications/STM32CubeIDE.app/Contents/Eclipse/plugins/com.st.stm32cube.ide.mcu.externaltools.gnu-tools-for-stm32.11.3.rel1.macos64_1.1.100.202310310803/tools/bin/../lib/gcc/arm-none-eabi/11.3.1/thumb/v7e-m+fp/hard/crtbegin.o
                [!provide]                        PROVIDE (__fini_array_end = .)
                0x0000000008001418                . = ALIGN (0x4)
                0x0000000008001418                _sidata = LOADADDR (.data)

.data           0x0000000020000000       0x7c load address 0x0000000008001418
                0x0000000020000000                . = ALIGN (0x4)
                0x0000000020000000                _sdata = .
 *(.data)
 *(.data*)
 .data.led_pattern_flag
                0x0000000020000000        0x1 ./Src/main.o
                0x0000000020000000                led_pattern_flag
 .data.uartUser
                0x0000000020000001        0x1 ./Src/serial.o
                0x0000000020000001                uartUser
 *fill*         0x0000000020000002        0x2 
 .data.USART1_PORT
                0x0000000020000004       0x28 ./Src/serial.o
                0x0000000020000004                USART1_PORT
 .data._impure_data
                0x000000002000002c       0x4c /Applications/STM32CubeIDE.app/Contents/Eclipse/plugins/com.st.stm32cube.ide.mcu.externaltools.gnu-tools-for-stm32.11.3.rel1.macos64_1.1.100.202310310803/tools/bin/../lib/gcc/arm-none-eabi/11.3.1/../../../../arm-none-eabi/lib/thumb/v7e-m+fp/hard/libc_nano.a(libc_a-impure.o)
                0x000000002000002c                _impure_data
 .data._impure_ptr
                0x0000000020000078        0x4 /Applications/STM32CubeIDE.app/Contents/Eclipse/plugins/com.st.stm32cube.ide.mcu.externaltools.gnu-tools-for-stm32.11.3.rel1.macos64_1.1.100.202310310803/tools/bin/../lib/gcc/arm-none-eabi/11.3.1/../../../../arm-none-eabi/lib/thumb/v7e-m+fp/hard/libc_nano.a(libc_a-impure.o)
                0x0000000020000078                _impure_ptr
 *(.RamFunc)
 *(.RamFunc*)
                0x000000002000007c                . = ALIGN (0x4)
                0x000000002000007c                _edata = .
                0x0000000008001494                _siccmram = LOADADDR (.ccmram)

.igot.plt       0x000000002000007c        0x0 load address 0x0000000008001494
 .igot.plt      0x000000002000007c        0x0 /Applications/STM32CubeIDE.app/Contents/Eclipse/plugins/com.st.stm32cube.ide.mcu.externaltools.gnu-tools-for-stm32.11.3.rel1.macos64_1.1.100.202310310803/tools/bin/../lib/gcc/arm-none-eabi/11.3.1/thumb/v7e-m+fp/hard/crtbegin.o

.ccmram         0x0000000010000000        0x0 load address 0x0000000008001494
                0x0000000010000000                . = ALIGN (0x4)
                0x0000000010000000                _sccmram = .
 *(.ccmram)
 *(.ccmram*)
                0x0000000010000000                . = ALIGN (0x4)
                0x0000000010000000                _eccmram = .
                0x0000000010000000                . = ALIGN (0x4)

.bss            0x000000002000007c      0x1b8
                0x000000002000007c                _sbss = .
                0x000000002000007c                __bss_start__ = _sbss
 *(.bss)
 .bss           0x000000002000007c       0x1c /Applications/STM32CubeIDE.app/Contents/Eclipse/plugins/com.st.stm32cube.ide.mcu.externaltools.gnu-tools-for-stm32.11.3.rel1.macos64_1.1.100.202310310803/tools/bin/../lib/gcc/arm-none-eabi/11.3.1/thumb/v7e-m+fp/hard/crtbegin.o
 *(.bss*)
 .bss.button_press_handler
                0x0000000020000098        0x4 ./Src/digital_io.o
                0x0000000020000098                button_press_handler
 .bss.timer_overflow_2
                0x000000002000009c        0x4 ./Src/main.o
                0x000000002000009c                timer_overflow_2
 .bss.timer_overflow_3
                0x00000000200000a0        0x4 ./Src/main.o
                0x00000000200000a0                timer_overflow_3
 .bss.double_buffer
                0x00000000200000a4       0x40 ./Src/serial.o
                0x00000000200000a4                double_buffer
 .bss.buffer_counter
                0x00000000200000e4        0x2 ./Src/serial.o
                0x00000000200000e4                buffer_counter
 .bss.uartKernel
                0x00000000200000e6        0x1 ./Src/serial.o
                0x00000000200000e6                uartKernel
 *fill*         0x00000000200000e7        0x1 
 .bss.__sbrk_heap_end
                0x00000000200000e8        0x4 ./Src/sysmem.o
 .bss.__malloc_free_list
                0x00000000200000ec        0x4 /Applications/STM32CubeIDE.app/Contents/Eclipse/plugins/com.st.stm32cube.ide.mcu.externaltools.gnu-tools-for-stm32.11.3.rel1.macos64_1.1.100.202310310803/tools/bin/../lib/gcc/arm-none-eabi/11.3.1/../../../../arm-none-eabi/lib/thumb/v7e-m+fp/hard/libc_nano.a(libc_a-mallocr.o)
                0x00000000200000ec                __malloc_free_list
 .bss.__malloc_sbrk_start
                0x00000000200000f0        0x4 /Applications/STM32CubeIDE.app/Contents/Eclipse/plugins/com.st.stm32cube.ide.mcu.externaltools.gnu-tools-for-stm32.11.3.rel1.macos64_1.1.100.202310310803/tools/bin/../lib/gcc/arm-none-eabi/11.3.1/../../../../arm-none-eabi/lib/thumb/v7e-m+fp/hard/libc_nano.a(libc_a-mallocr.o)
                0x00000000200000f0                __malloc_sbrk_start
 .bss.__sf      0x00000000200000f4      0x138 /Applications/STM32CubeIDE.app/Contents/Eclipse/plugins/com.st.stm32cube.ide.mcu.externaltools.gnu-tools-for-stm32.11.3.rel1.macos64_1.1.100.202310310803/tools/bin/../lib/gcc/arm-none-eabi/11.3.1/../../../../arm-none-eabi/lib/thumb/v7e-m+fp/hard/libc_nano.a(libc_a-findfp.o)
                0x00000000200000f4                __sf
 .bss.__lock___malloc_recursive_mutex
                0x000000002000022c        0x1 /Applications/STM32CubeIDE.app/Contents/Eclipse/plugins/com.st.stm32cube.ide.mcu.externaltools.gnu-tools-for-stm32.11.3.rel1.macos64_1.1.100.202310310803/tools/bin/../lib/gcc/arm-none-eabi/11.3.1/../../../../arm-none-eabi/lib/thumb/v7e-m+fp/hard/libc_nano.a(libc_a-lock.o)
                0x000000002000022c                __lock___malloc_recursive_mutex
 *fill*         0x000000002000022d        0x3 
 .bss.errno     0x0000000020000230        0x4 /Applications/STM32CubeIDE.app/Contents/Eclipse/plugins/com.st.stm32cube.ide.mcu.externaltools.gnu-tools-for-stm32.11.3.rel1.macos64_1.1.100.202310310803/tools/bin/../lib/gcc/arm-none-eabi/11.3.1/../../../../arm-none-eabi/lib/thumb/v7e-m+fp/hard/libc_nano.a(libc_a-reent.o)
                0x0000000020000230                errno
 *(COMMON)
                0x0000000020000234                . = ALIGN (0x4)
                0x0000000020000234                _ebss = .
                0x0000000020000234                __bss_end__ = _ebss

._user_heap_stack
                0x0000000020000234      0x604
                0x0000000020000238                . = ALIGN (0x8)
 *fill*         0x0000000020000234        0x4 
                [!provide]                        PROVIDE (end = .)
                0x0000000020000238                PROVIDE (_end = .)
                0x0000000020000438                . = (. + _Min_Heap_Size)
 *fill*         0x0000000020000238      0x200 
                0x0000000020000838                . = (. + _Min_Stack_Size)
 *fill*         0x0000000020000438      0x400 
                0x0000000020000838                . = ALIGN (0x8)

/DISCARD/
 libc.a(*)
 libm.a(*)
 libgcc.a(*)

.ARM.attributes
                0x0000000000000000       0x30
 *(.ARM.attributes)
 .ARM.attributes
                0x0000000000000000       0x1e /Applications/STM32CubeIDE.app/Contents/Eclipse/plugins/com.st.stm32cube.ide.mcu.externaltools.gnu-tools-for-stm32.11.3.rel1.macos64_1.1.100.202310310803/tools/bin/../lib/gcc/arm-none-eabi/11.3.1/thumb/v7e-m+fp/hard/crti.o
 .ARM.attributes
                0x000000000000001e       0x34 /Applications/STM32CubeIDE.app/Contents/Eclipse/plugins/com.st.stm32cube.ide.mcu.externaltools.gnu-tools-for-stm32.11.3.rel1.macos64_1.1.100.202310310803/tools/bin/../lib/gcc/arm-none-eabi/11.3.1/thumb/v7e-m+fp/hard/crtbegin.o
 .ARM.attributes
                0x0000000000000052       0x34 ./Src/digital_io.o
 .ARM.attributes
                0x0000000000000086       0x34 ./Src/main.o
 .ARM.attributes
                0x00000000000000ba       0x34 ./Src/serial.o
 .ARM.attributes
                0x00000000000000ee       0x34 ./Src/sysmem.o
 .ARM.attributes
                0x0000000000000122       0x34 ./Src/timers.o
 .ARM.attributes
                0x0000000000000156       0x21 ./Startup/startup_stm32f303vctx.o
 .ARM.attributes
                0x0000000000000177       0x34 /Applications/STM32CubeIDE.app/Contents/Eclipse/plugins/com.st.stm32cube.ide.mcu.externaltools.gnu-tools-for-stm32.11.3.rel1.macos64_1.1.100.202310310803/tools/bin/../lib/gcc/arm-none-eabi/11.3.1/../../../../arm-none-eabi/lib/thumb/v7e-m+fp/hard/libc_nano.a(libc_a-atoi.o)
 .ARM.attributes
                0x00000000000001ab       0x34 /Applications/STM32CubeIDE.app/Contents/Eclipse/plugins/com.st.stm32cube.ide.mcu.externaltools.gnu-tools-for-stm32.11.3.rel1.macos64_1.1.100.202310310803/tools/bin/../lib/gcc/arm-none-eabi/11.3.1/../../../../arm-none-eabi/lib/thumb/v7e-m+fp/hard/libc_nano.a(libc_a-malloc.o)
 .ARM.attributes
                0x00000000000001df       0x34 /Applications/STM32CubeIDE.app/Contents/Eclipse/plugins/com.st.stm32cube.ide.mcu.externaltools.gnu-tools-for-stm32.11.3.rel1.macos64_1.1.100.202310310803/tools/bin/../lib/gcc/arm-none-eabi/11.3.1/../../../../arm-none-eabi/lib/thumb/v7e-m+fp/hard/libc_nano.a(libc_a-mallocr.o)
 .ARM.attributes
                0x0000000000000213       0x34 /Applications/STM32CubeIDE.app/Contents/Eclipse/plugins/com.st.stm32cube.ide.mcu.externaltools.gnu-tools-for-stm32.11.3.rel1.macos64_1.1.100.202310310803/tools/bin/../lib/gcc/arm-none-eabi/11.3.1/../../../../arm-none-eabi/lib/thumb/v7e-m+fp/hard/libc_nano.a(libc_a-mlock.o)
 .ARM.attributes
                0x0000000000000247       0x34 /Applications/STM32CubeIDE.app/Contents/Eclipse/plugins/com.st.stm32cube.ide.mcu.externaltools.gnu-tools-for-stm32.11.3.rel1.macos64_1.1.100.202310310803/tools/bin/../lib/gcc/arm-none-eabi/11.3.1/../../../../arm-none-eabi/lib/thumb/v7e-m+fp/hard/libc_nano.a(libc_a-findfp.o)
 .ARM.attributes
                0x000000000000027b       0x34 /Applications/STM32CubeIDE.app/Contents/Eclipse/plugins/com.st.stm32cube.ide.mcu.externaltools.gnu-tools-for-stm32.11.3.rel1.macos64_1.1.100.202310310803/tools/bin/../lib/gcc/arm-none-eabi/11.3.1/../../../../arm-none-eabi/lib/thumb/v7e-m+fp/hard/libc_nano.a(libc_a-strtol.o)
 .ARM.attributes
                0x00000000000002af       0x34 /Applications/STM32CubeIDE.app/Contents/Eclipse/plugins/com.st.stm32cube.ide.mcu.externaltools.gnu-tools-for-stm32.11.3.rel1.macos64_1.1.100.202310310803/tools/bin/../lib/gcc/arm-none-eabi/11.3.1/../../../../arm-none-eabi/lib/thumb/v7e-m+fp/hard/libc_nano.a(libc_a-strtoul.o)
 .ARM.attributes
                0x00000000000002e3       0x34 /Applications/STM32CubeIDE.app/Contents/Eclipse/plugins/com.st.stm32cube.ide.mcu.externaltools.gnu-tools-for-stm32.11.3.rel1.macos64_1.1.100.202310310803/tools/bin/../lib/gcc/arm-none-eabi/11.3.1/../../../../arm-none-eabi/lib/thumb/v7e-m+fp/hard/libc_nano.a(libc_a-impure.o)
 .ARM.attributes
                0x0000000000000317       0x34 /Applications/STM32CubeIDE.app/Contents/Eclipse/plugins/com.st.stm32cube.ide.mcu.externaltools.gnu-tools-for-stm32.11.3.rel1.macos64_1.1.100.202310310803/tools/bin/../lib/gcc/arm-none-eabi/11.3.1/../../../../arm-none-eabi/lib/thumb/v7e-m+fp/hard/libc_nano.a(libc_a-sbrkr.o)
 .ARM.attributes
                0x000000000000034b       0x34 /Applications/STM32CubeIDE.app/Contents/Eclipse/plugins/com.st.stm32cube.ide.mcu.externaltools.gnu-tools-for-stm32.11.3.rel1.macos64_1.1.100.202310310803/tools/bin/../lib/gcc/arm-none-eabi/11.3.1/../../../../arm-none-eabi/lib/thumb/v7e-m+fp/hard/libc_nano.a(libc_a-errno.o)
 .ARM.attributes
                0x000000000000037f       0x34 /Applications/STM32CubeIDE.app/Contents/Eclipse/plugins/com.st.stm32cube.ide.mcu.externaltools.gnu-tools-for-stm32.11.3.rel1.macos64_1.1.100.202310310803/tools/bin/../lib/gcc/arm-none-eabi/11.3.1/../../../../arm-none-eabi/lib/thumb/v7e-m+fp/hard/libc_nano.a(libc_a-init.o)
 .ARM.attributes
                0x00000000000003b3       0x34 /Applications/STM32CubeIDE.app/Contents/Eclipse/plugins/com.st.stm32cube.ide.mcu.externaltools.gnu-tools-for-stm32.11.3.rel1.macos64_1.1.100.202310310803/tools/bin/../lib/gcc/arm-none-eabi/11.3.1/../../../../arm-none-eabi/lib/thumb/v7e-m+fp/hard/libc_nano.a(libc_a-lock.o)
 .ARM.attributes
                0x00000000000003e7       0x1c /Applications/STM32CubeIDE.app/Contents/Eclipse/plugins/com.st.stm32cube.ide.mcu.externaltools.gnu-tools-for-stm32.11.3.rel1.macos64_1.1.100.202310310803/tools/bin/../lib/gcc/arm-none-eabi/11.3.1/../../../../arm-none-eabi/lib/thumb/v7e-m+fp/hard/libc_nano.a(libc_a-strcmp.o)
 .ARM.attributes
                0x0000000000000403       0x34 /Applications/STM32CubeIDE.app/Contents/Eclipse/plugins/com.st.stm32cube.ide.mcu.externaltools.gnu-tools-for-stm32.11.3.rel1.macos64_1.1.100.202310310803/tools/bin/../lib/gcc/arm-none-eabi/11.3.1/../../../../arm-none-eabi/lib/thumb/v7e-m+fp/hard/libc_nano.a(libc_a-ctype_.o)
 .ARM.attributes
                0x0000000000000437       0x34 /Applications/STM32CubeIDE.app/Contents/Eclipse/plugins/com.st.stm32cube.ide.mcu.externaltools.gnu-tools-for-stm32.11.3.rel1.macos64_1.1.100.202310310803/tools/bin/../lib/gcc/arm-none-eabi/11.3.1/../../../../arm-none-eabi/lib/thumb/v7e-m+fp/hard/libc_nano.a(libc_a-freer.o)
 .ARM.attributes
                0x000000000000046b       0x34 /Applications/STM32CubeIDE.app/Contents/Eclipse/plugins/com.st.stm32cube.ide.mcu.externaltools.gnu-tools-for-stm32.11.3.rel1.macos64_1.1.100.202310310803/tools/bin/../lib/gcc/arm-none-eabi/11.3.1/../../../../arm-none-eabi/lib/thumb/v7e-m+fp/hard/libc_nano.a(libc_a-reent.o)
 .ARM.attributes
                0x000000000000049f       0x1e /Applications/STM32CubeIDE.app/Contents/Eclipse/plugins/com.st.stm32cube.ide.mcu.externaltools.gnu-tools-for-stm32.11.3.rel1.macos64_1.1.100.202310310803/tools/bin/../lib/gcc/arm-none-eabi/11.3.1/thumb/v7e-m+fp/hard/crtn.o
OUTPUT(Integration Task.elf elf32-littlearm)
LOAD linker stubs
LOAD /Applications/STM32CubeIDE.app/Contents/Eclipse/plugins/com.st.stm32cube.ide.mcu.externaltools.gnu-tools-for-stm32.11.3.rel1.macos64_1.1.100.202310310803/tools/bin/../lib/gcc/arm-none-eabi/11.3.1/../../../../arm-none-eabi/lib/thumb/v7e-m+fp/hard/libc.a
LOAD /Applications/STM32CubeIDE.app/Contents/Eclipse/plugins/com.st.stm32cube.ide.mcu.externaltools.gnu-tools-for-stm32.11.3.rel1.macos64_1.1.100.202310310803/tools/bin/../lib/gcc/arm-none-eabi/11.3.1/../../../../arm-none-eabi/lib/thumb/v7e-m+fp/hard/libm.a
LOAD /Applications/STM32CubeIDE.app/Contents/Eclipse/plugins/com.st.stm32cube.ide.mcu.externaltools.gnu-tools-for-stm32.11.3.rel1.macos64_1.1.100.202310310803/tools/bin/../lib/gcc/arm-none-eabi/11.3.1/thumb/v7e-m+fp/hard/libgcc.a

.comment        0x0000000000000000       0x43
 .comment       0x0000000000000000       0x43 /Applications/STM32CubeIDE.app/Contents/Eclipse/plugins/com.st.stm32cube.ide.mcu.externaltools.gnu-tools-for-stm32.11.3.rel1.macos64_1.1.100.202310310803/tools/bin/../lib/gcc/arm-none-eabi/11.3.1/thumb/v7e-m+fp/hard/crtbegin.o
                                         0x44 (size before relaxing)
 .comment       0x0000000000000043       0x44 ./Src/digital_io.o
 .comment       0x0000000000000043       0x44 ./Src/main.o
 .comment       0x0000000000000043       0x44 ./Src/serial.o
 .comment       0x0000000000000043       0x44 ./Src/sysmem.o
 .comment       0x0000000000000043       0x44 ./Src/timers.o

.debug_info     0x0000000000000000     0x299f
 .debug_info    0x0000000000000000      0x30e ./Src/digital_io.o
 .debug_info    0x000000000000030e      0x9bf ./Src/main.o
 .debug_info    0x0000000000000ccd      0xdc9 ./Src/serial.o
 .debug_info    0x0000000000001a96      0x168 ./Src/sysmem.o
 .debug_info    0x0000000000001bfe      0xd7e ./Src/timers.o
 .debug_info    0x000000000000297c       0x23 ./Startup/startup_stm32f303vctx.o

.debug_abbrev   0x0000000000000000      0xb04
 .debug_abbrev  0x0000000000000000      0x152 ./Src/digital_io.o
 .debug_abbrev  0x0000000000000152      0x2c4 ./Src/main.o
 .debug_abbrev  0x0000000000000416      0x2d4 ./Src/serial.o
 .debug_abbrev  0x00000000000006ea       0xbc ./Src/sysmem.o
 .debug_abbrev  0x00000000000007a6      0x34c ./Src/timers.o
 .debug_abbrev  0x0000000000000af2       0x12 ./Startup/startup_stm32f303vctx.o

.debug_aranges  0x0000000000000000      0x268
 .debug_aranges
                0x0000000000000000       0x40 ./Src/digital_io.o
 .debug_aranges
                0x0000000000000040       0x50 ./Src/main.o
 .debug_aranges
                0x0000000000000090       0x88 ./Src/serial.o
 .debug_aranges
                0x0000000000000118       0x20 ./Src/sysmem.o
 .debug_aranges
                0x0000000000000138      0x108 ./Src/timers.o
 .debug_aranges
                0x0000000000000240       0x28 ./Startup/startup_stm32f303vctx.o

.debug_rnglists
                0x0000000000000000      0x1b4
 .debug_rnglists
                0x0000000000000000       0x2b ./Src/digital_io.o
 .debug_rnglists
                0x000000000000002b       0x38 ./Src/main.o
 .debug_rnglists
                0x0000000000000063       0x64 ./Src/serial.o
 .debug_rnglists
                0x00000000000000c7       0x13 ./Src/sysmem.o
 .debug_rnglists
                0x00000000000000da       0xc1 ./Src/timers.o
 .debug_rnglists
                0x000000000000019b       0x19 ./Startup/startup_stm32f303vctx.o

.debug_macro    0x0000000000000000    0x15ef1
 .debug_macro   0x0000000000000000       0xc9 ./Src/digital_io.o
 .debug_macro   0x00000000000000c9      0xaae ./Src/digital_io.o
 .debug_macro   0x0000000000000b77       0x28 ./Src/digital_io.o
 .debug_macro   0x0000000000000b9f       0x22 ./Src/digital_io.o
 .debug_macro   0x0000000000000bc1       0x8e ./Src/digital_io.o
 .debug_macro   0x0000000000000c4f       0x51 ./Src/digital_io.o
 .debug_macro   0x0000000000000ca0      0x103 ./Src/digital_io.o
 .debug_macro   0x0000000000000da3       0x6a ./Src/digital_io.o
 .debug_macro   0x0000000000000e0d      0x1df ./Src/digital_io.o
 .debug_macro   0x0000000000000fec       0x1c ./Src/digital_io.o
 .debug_macro   0x0000000000001008       0x22 ./Src/digital_io.o
 .debug_macro   0x000000000000102a       0xd9 ./Src/digital_io.o
 .debug_macro   0x0000000000001103     0x102d ./Src/digital_io.o
 .debug_macro   0x0000000000002130      0x11f ./Src/digital_io.o
 .debug_macro   0x000000000000224f    0x12a3a ./Src/digital_io.o
 .debug_macro   0x0000000000014c89      0x216 ./Src/main.o
 .debug_macro   0x0000000000014e9f       0x2a ./Src/main.o
 .debug_macro   0x0000000000014ec9       0x61 ./Src/main.o
 .debug_macro   0x0000000000014f2a       0x43 ./Src/main.o
 .debug_macro   0x0000000000014f6d       0x34 ./Src/main.o
 .debug_macro   0x0000000000014fa1       0x16 ./Src/main.o
 .debug_macro   0x0000000000014fb7      0x10e ./Src/main.o
 .debug_macro   0x00000000000150c5       0x8d ./Src/main.o
 .debug_macro   0x0000000000015152       0x16 ./Src/main.o
 .debug_macro   0x0000000000015168       0x43 ./Src/main.o
 .debug_macro   0x00000000000151ab       0x34 ./Src/main.o
 .debug_macro   0x00000000000151df       0x10 ./Src/main.o
 .debug_macro   0x00000000000151ef       0x58 ./Src/main.o
 .debug_macro   0x0000000000015247       0x8e ./Src/main.o
 .debug_macro   0x00000000000152d5       0x1c ./Src/main.o
 .debug_macro   0x00000000000152f1      0x177 ./Src/main.o
 .debug_macro   0x0000000000015468      0x369 ./Src/main.o
 .debug_macro   0x00000000000157d1       0x16 ./Src/main.o
 .debug_macro   0x00000000000157e7       0x29 ./Src/main.o
 .debug_macro   0x0000000000015810       0x1c ./Src/main.o
 .debug_macro   0x000000000001582c       0x35 ./Src/main.o
 .debug_macro   0x0000000000015861       0x10 ./Src/main.o
 .debug_macro   0x0000000000015871       0x1c ./Src/main.o
 .debug_macro   0x000000000001588d       0x16 ./Src/main.o
 .debug_macro   0x00000000000158a3      0x147 ./Src/main.o
 .debug_macro   0x00000000000159ea       0x16 ./Src/main.o
 .debug_macro   0x0000000000015a00       0x20 ./Src/main.o
 .debug_macro   0x0000000000015a20       0xc9 ./Src/serial.o
 .debug_macro   0x0000000000015ae9       0xff ./Src/sysmem.o
 .debug_macro   0x0000000000015be8      0x23c ./Src/sysmem.o
 .debug_macro   0x0000000000015e24       0xcd ./Src/timers.o

.debug_line     0x0000000000000000     0x21ac
 .debug_line    0x0000000000000000      0x4bb ./Src/digital_io.o
 .debug_line    0x00000000000004bb      0x784 ./Src/main.o
 .debug_line    0x0000000000000c3f      0x7c4 ./Src/serial.o
 .debug_line    0x0000000000001403      0x517 ./Src/sysmem.o
 .debug_line    0x000000000000191a      0x817 ./Src/timers.o
 .debug_line    0x0000000000002131       0x7b ./Startup/startup_stm32f303vctx.o

.debug_str      0x0000000000000000    0x76d4b
 .debug_str     0x0000000000000000    0x721c1 ./Src/digital_io.o
                                      0x7235c (size before relaxing)
 .debug_str     0x00000000000721c1     0x4173 ./Src/main.o
                                      0x7660f (size before relaxing)
 .debug_str     0x0000000000076334      0x308 ./Src/serial.o
                                      0x72b6c (size before relaxing)
 .debug_str     0x000000000007663c      0x4d7 ./Src/sysmem.o
                                       0x6064 (size before relaxing)
 .debug_str     0x0000000000076b13      0x209 ./Src/timers.o
                                      0x72acc (size before relaxing)
 .debug_str     0x0000000000076d1c       0x2f ./Startup/startup_stm32f303vctx.o
                                         0x73 (size before relaxing)

.debug_frame    0x0000000000000000      0xce4
 .debug_frame   0x0000000000000000       0xc8 ./Src/digital_io.o
 .debug_frame   0x00000000000000c8       0xfc ./Src/main.o
 .debug_frame   0x00000000000001c4      0x210 ./Src/serial.o
 .debug_frame   0x00000000000003d4       0x34 ./Src/sysmem.o
 .debug_frame   0x0000000000000408      0x438 ./Src/timers.o
 .debug_frame   0x0000000000000840       0x30 /Applications/STM32CubeIDE.app/Contents/Eclipse/plugins/com.st.stm32cube.ide.mcu.externaltools.gnu-tools-for-stm32.11.3.rel1.macos64_1.1.100.202310310803/tools/bin/../lib/gcc/arm-none-eabi/11.3.1/../../../../arm-none-eabi/lib/thumb/v7e-m+fp/hard/libc_nano.a(libc_a-atoi.o)
 .debug_frame   0x0000000000000870       0x30 /Applications/STM32CubeIDE.app/Contents/Eclipse/plugins/com.st.stm32cube.ide.mcu.externaltools.gnu-tools-for-stm32.11.3.rel1.macos64_1.1.100.202310310803/tools/bin/../lib/gcc/arm-none-eabi/11.3.1/../../../../arm-none-eabi/lib/thumb/v7e-m+fp/hard/libc_nano.a(libc_a-malloc.o)
 .debug_frame   0x00000000000008a0       0x50 /Applications/STM32CubeIDE.app/Contents/Eclipse/plugins/com.st.stm32cube.ide.mcu.externaltools.gnu-tools-for-stm32.11.3.rel1.macos64_1.1.100.202310310803/tools/bin/../lib/gcc/arm-none-eabi/11.3.1/../../../../arm-none-eabi/lib/thumb/v7e-m+fp/hard/libc_nano.a(libc_a-mallocr.o)
 .debug_frame   0x00000000000008f0       0x30 /Applications/STM32CubeIDE.app/Contents/Eclipse/plugins/com.st.stm32cube.ide.mcu.externaltools.gnu-tools-for-stm32.11.3.rel1.macos64_1.1.100.202310310803/tools/bin/../lib/gcc/arm-none-eabi/11.3.1/../../../../arm-none-eabi/lib/thumb/v7e-m+fp/hard/libc_nano.a(libc_a-mlock.o)
 .debug_frame   0x0000000000000920      0x144 /Applications/STM32CubeIDE.app/Contents/Eclipse/plugins/com.st.stm32cube.ide.mcu.externaltools.gnu-tools-for-stm32.11.3.rel1.macos64_1.1.100.202310310803/tools/bin/../lib/gcc/arm-none-eabi/11.3.1/../../../../arm-none-eabi/lib/thumb/v7e-m+fp/hard/libc_nano.a(libc_a-findfp.o)
 .debug_frame   0x0000000000000a64       0x64 /Applications/STM32CubeIDE.app/Contents/Eclipse/plugins/com.st.stm32cube.ide.mcu.externaltools.gnu-tools-for-stm32.11.3.rel1.macos64_1.1.100.202310310803/tools/bin/../lib/gcc/arm-none-eabi/11.3.1/../../../../arm-none-eabi/lib/thumb/v7e-m+fp/hard/libc_nano.a(libc_a-strtol.o)
 .debug_frame   0x0000000000000ac8       0x64 /Applications/STM32CubeIDE.app/Contents/Eclipse/plugins/com.st.stm32cube.ide.mcu.externaltools.gnu-tools-for-stm32.11.3.rel1.macos64_1.1.100.202310310803/tools/bin/../lib/gcc/arm-none-eabi/11.3.1/../../../../arm-none-eabi/lib/thumb/v7e-m+fp/hard/libc_nano.a(libc_a-strtoul.o)
 .debug_frame   0x0000000000000b2c       0x2c /Applications/STM32CubeIDE.app/Contents/Eclipse/plugins/com.st.stm32cube.ide.mcu.externaltools.gnu-tools-for-stm32.11.3.rel1.macos64_1.1.100.202310310803/tools/bin/../lib/gcc/arm-none-eabi/11.3.1/../../../../arm-none-eabi/lib/thumb/v7e-m+fp/hard/libc_nano.a(libc_a-sbrkr.o)
 .debug_frame   0x0000000000000b58       0x20 /Applications/STM32CubeIDE.app/Contents/Eclipse/plugins/com.st.stm32cube.ide.mcu.externaltools.gnu-tools-for-stm32.11.3.rel1.macos64_1.1.100.202310310803/tools/bin/../lib/gcc/arm-none-eabi/11.3.1/../../../../arm-none-eabi/lib/thumb/v7e-m+fp/hard/libc_nano.a(libc_a-errno.o)
 .debug_frame   0x0000000000000b78       0x2c /Applications/STM32CubeIDE.app/Contents/Eclipse/plugins/com.st.stm32cube.ide.mcu.externaltools.gnu-tools-for-stm32.11.3.rel1.macos64_1.1.100.202310310803/tools/bin/../lib/gcc/arm-none-eabi/11.3.1/../../../../arm-none-eabi/lib/thumb/v7e-m+fp/hard/libc_nano.a(libc_a-init.o)
 .debug_frame   0x0000000000000ba4       0xb0 /Applications/STM32CubeIDE.app/Contents/Eclipse/plugins/com.st.stm32cube.ide.mcu.externaltools.gnu-tools-for-stm32.11.3.rel1.macos64_1.1.100.202310310803/tools/bin/../lib/gcc/arm-none-eabi/11.3.1/../../../../arm-none-eabi/lib/thumb/v7e-m+fp/hard/libc_nano.a(libc_a-lock.o)
 .debug_frame   0x0000000000000c54       0x20 /Applications/STM32CubeIDE.app/Contents/Eclipse/plugins/com.st.stm32cube.ide.mcu.externaltools.gnu-tools-for-stm32.11.3.rel1.macos64_1.1.100.202310310803/tools/bin/../lib/gcc/arm-none-eabi/11.3.1/../../../../arm-none-eabi/lib/thumb/v7e-m+fp/hard/libc_nano.a(libc_a-strcmp.o)
 .debug_frame   0x0000000000000c74       0x38 /Applications/STM32CubeIDE.app/Contents/Eclipse/plugins/com.st.stm32cube.ide.mcu.externaltools.gnu-tools-for-stm32.11.3.rel1.macos64_1.1.100.202310310803/tools/bin/../lib/gcc/arm-none-eabi/11.3.1/../../../../arm-none-eabi/lib/thumb/v7e-m+fp/hard/libc_nano.a(libc_a-freer.o)
 .debug_frame   0x0000000000000cac       0x38 /Applications/STM32CubeIDE.app/Contents/Eclipse/plugins/com.st.stm32cube.ide.mcu.externaltools.gnu-tools-for-stm32.11.3.rel1.macos64_1.1.100.202310310803/tools/bin/../lib/gcc/arm-none-eabi/11.3.1/../../../../arm-none-eabi/lib/thumb/v7e-m+fp/hard/libc_nano.a(libc_a-reent.o)

.debug_line_str
                0x0000000000000000       0x67
 .debug_line_str
                0x0000000000000000       0x67 ./Startup/startup_stm32f303vctx.o
                                         0x7f (size before relaxing)
