Archive member included to satisfy reference by file (symbol)

/Applications/STM32CubeIDE.app/Contents/Eclipse/plugins/com.st.stm32cube.ide.mcu.externaltools.gnu-tools-for-stm32.11.3.rel1.macos64_1.1.100.202310310803/tools/bin/../lib/gcc/arm-none-eabi/11.3.1/../../../../arm-none-eabi/lib/thumb/v7e-m+fp/hard/libc_nano.a(libc_a-exit.o)
                              /Applications/STM32CubeIDE.app/Contents/Eclipse/plugins/com.st.stm32cube.ide.mcu.externaltools.gnu-tools-for-stm32.11.3.rel1.macos64_1.1.100.202310310803/tools/bin/../lib/gcc/arm-none-eabi/11.3.1/../../../../arm-none-eabi/lib/thumb/v7e-m+fp/hard/crt0.o (exit)
/Applications/STM32CubeIDE.app/Contents/Eclipse/plugins/com.st.stm32cube.ide.mcu.externaltools.gnu-tools-for-stm32.11.3.rel1.macos64_1.1.100.202310310803/tools/bin/../lib/gcc/arm-none-eabi/11.3.1/../../../../arm-none-eabi/lib/thumb/v7e-m+fp/hard/libc_nano.a(libc_a-findfp.o)
                              /Applications/STM32CubeIDE.app/Contents/Eclipse/plugins/com.st.stm32cube.ide.mcu.externaltools.gnu-tools-for-stm32.11.3.rel1.macos64_1.1.100.202310310803/tools/bin/../lib/gcc/arm-none-eabi/11.3.1/../../../../arm-none-eabi/lib/thumb/v7e-m+fp/hard/libc_nano.a(libc_a-exit.o) (__stdio_exit_handler)
/Applications/STM32CubeIDE.app/Contents/Eclipse/plugins/com.st.stm32cube.ide.mcu.externaltools.gnu-tools-for-stm32.11.3.rel1.macos64_1.1.100.202310310803/tools/bin/../lib/gcc/arm-none-eabi/11.3.1/../../../../arm-none-eabi/lib/thumb/v7e-m+fp/hard/libc_nano.a(libc_a-fwalk.o)
                              /Applications/STM32CubeIDE.app/Contents/Eclipse/plugins/com.st.stm32cube.ide.mcu.externaltools.gnu-tools-for-stm32.11.3.rel1.macos64_1.1.100.202310310803/tools/bin/../lib/gcc/arm-none-eabi/11.3.1/../../../../arm-none-eabi/lib/thumb/v7e-m+fp/hard/libc_nano.a(libc_a-findfp.o) (_fwalk_sglue)
/Applications/STM32CubeIDE.app/Contents/Eclipse/plugins/com.st.stm32cube.ide.mcu.externaltools.gnu-tools-for-stm32.11.3.rel1.macos64_1.1.100.202310310803/tools/bin/../lib/gcc/arm-none-eabi/11.3.1/../../../../arm-none-eabi/lib/thumb/v7e-m+fp/hard/libc_nano.a(libc_a-memset.o)
                              /Applications/STM32CubeIDE.app/Contents/Eclipse/plugins/com.st.stm32cube.ide.mcu.externaltools.gnu-tools-for-stm32.11.3.rel1.macos64_1.1.100.202310310803/tools/bin/../lib/gcc/arm-none-eabi/11.3.1/../../../../arm-none-eabi/lib/thumb/v7e-m+fp/hard/crt0.o (memset)
/Applications/STM32CubeIDE.app/Contents/Eclipse/plugins/com.st.stm32cube.ide.mcu.externaltools.gnu-tools-for-stm32.11.3.rel1.macos64_1.1.100.202310310803/tools/bin/../lib/gcc/arm-none-eabi/11.3.1/../../../../arm-none-eabi/lib/thumb/v7e-m+fp/hard/libc_nano.a(libc_a-impure.o)
                              /Applications/STM32CubeIDE.app/Contents/Eclipse/plugins/com.st.stm32cube.ide.mcu.externaltools.gnu-tools-for-stm32.11.3.rel1.macos64_1.1.100.202310310803/tools/bin/../lib/gcc/arm-none-eabi/11.3.1/../../../../arm-none-eabi/lib/thumb/v7e-m+fp/hard/libc_nano.a(libc_a-findfp.o) (_impure_data)
/Applications/STM32CubeIDE.app/Contents/Eclipse/plugins/com.st.stm32cube.ide.mcu.externaltools.gnu-tools-for-stm32.11.3.rel1.macos64_1.1.100.202310310803/tools/bin/../lib/gcc/arm-none-eabi/11.3.1/../../../../arm-none-eabi/lib/thumb/v7e-m+fp/hard/libc_nano.a(libc_a-errno.o)
                              ./Src/syscalls.o (__errno)
/Applications/STM32CubeIDE.app/Contents/Eclipse/plugins/com.st.stm32cube.ide.mcu.externaltools.gnu-tools-for-stm32.11.3.rel1.macos64_1.1.100.202310310803/tools/bin/../lib/gcc/arm-none-eabi/11.3.1/../../../../arm-none-eabi/lib/thumb/v7e-m+fp/hard/libc_nano.a(libc_a-init.o)
                              /Applications/STM32CubeIDE.app/Contents/Eclipse/plugins/com.st.stm32cube.ide.mcu.externaltools.gnu-tools-for-stm32.11.3.rel1.macos64_1.1.100.202310310803/tools/bin/../lib/gcc/arm-none-eabi/11.3.1/../../../../arm-none-eabi/lib/thumb/v7e-m+fp/hard/crt0.o (__libc_init_array)
/Applications/STM32CubeIDE.app/Contents/Eclipse/plugins/com.st.stm32cube.ide.mcu.externaltools.gnu-tools-for-stm32.11.3.rel1.macos64_1.1.100.202310310803/tools/bin/../lib/gcc/arm-none-eabi/11.3.1/../../../../arm-none-eabi/lib/thumb/v7e-m+fp/hard/libc_nano.a(libc_a-lock.o)
                              /Applications/STM32CubeIDE.app/Contents/Eclipse/plugins/com.st.stm32cube.ide.mcu.externaltools.gnu-tools-for-stm32.11.3.rel1.macos64_1.1.100.202310310803/tools/bin/../lib/gcc/arm-none-eabi/11.3.1/../../../../arm-none-eabi/lib/thumb/v7e-m+fp/hard/libc_nano.a(libc_a-findfp.o) (__retarget_lock_init_recursive)
/Applications/STM32CubeIDE.app/Contents/Eclipse/plugins/com.st.stm32cube.ide.mcu.externaltools.gnu-tools-for-stm32.11.3.rel1.macos64_1.1.100.202310310803/tools/bin/../lib/gcc/arm-none-eabi/11.3.1/../../../../arm-none-eabi/lib/thumb/v7e-m+fp/hard/libc_nano.a(libc_a-mallocr.o)
[...]
Memory Configuration

Name             Origin             Length             Attributes
CCMRAM           0x0000000010000000 0x0000000000002000 xrw
RAM              0x0000000020000000 0x000000000000a000 xrw
FLASH            0x0000000008000000 0x0000000000040000 xr
*default*        0x0000000000000000 0xffffffffffffffff

Linker script and memory map

LOAD /Applications/STM32CubeIDE.app/Contents/Eclipse/plugins/com.st.stm32cube.ide.mcu.externaltools.gnu-tools-for-stm32.11.3.rel1.macos64_1.1.100.202310310803/tools/bin/../lib/gcc/arm-none-eabi/11.3.1/thumb/v7e-m+fp/hard/crti.o
LOAD /Applications/STM32CubeIDE.app/Contents/Eclipse/plugins/com.st.stm32cube.ide.mcu.externaltools.gnu-tools-for-stm32.11.3.rel1.macos64_1.1.100.202310310803/tools/bin/../lib/gcc/arm-none-eabi/11.3.1/thumb/v7e-m+fp/hard/crtbegin.o
LOAD /Applications/STM32CubeIDE.app/Contents/Eclipse/plugins/com.st.stm32cube.ide.mcu.externaltools.gnu-tools-for-stm32.11.3.rel1.macos64_1.1.100.202310310803/tools/bin/../lib/gcc/arm-none-eabi/11.3.1/../../../../arm-none-eabi/lib/thumb/v7e-m+fp/hard/crt0.o
LOAD ./Src/initialise.o
LOAD ./Src/main.o
LOAD ./Src/syscalls.o
LOAD ./Src/sysmem.o
LOAD ./Startup/startup_stm32f303vctx.o
START GROUP
LOAD /Applications/STM32CubeIDE.app/Contents/Eclipse/plugins/com.st.stm32cube.ide.mcu.externaltools.gnu-tools-for-stm32.11.3.rel1.macos64_1.1.100.202310310803/tools/bin/../lib/gcc/arm-none-eabi/11.3.1/../../../../arm-none-eabi/lib/thumb/v7e-m+fp/hard/libc_nano.a
LOAD /Applications/STM32CubeIDE.app/Contents/Eclipse/plugins/com.st.stm32cube.ide.mcu.externaltools.gnu-tools-for-stm32.11.3.rel1.macos64_1.1.100.202310310803/tools/bin/../lib/gcc/arm-none-eabi/11.3.1/../../../../arm-none-eabi/lib/thumb/v7e-m+fp/hard/libm.a
END GROUP
START GROUP
LOAD /Applications/STM32CubeIDE.app/Contents/Eclipse/plugins/com.st.stm32cube.ide.mcu.externaltools.gnu-tools-for-stm32.11.3.rel1.macos64_1.1.100.202310310803/tools/bin/../lib/gcc/arm-none-eabi/11.3.1/thumb/v7e-m+fp/hard/libgcc.a
LOAD /Applications/STM32CubeIDE.app/Contents/Eclipse/plugins/com.st.stm32cube.ide.mcu.externaltools.gnu-tools-for-stm32.11.3.rel1.macos64_1.1.100.202310310803/tools/bin/../lib/gcc/arm-none-eabi/11.3.1/../../../../arm-none-eabi/lib/thumb/v7e-m+fp/hard/libc_nano.a
END GROUP
START GROUP
LOAD /Applications/STM32CubeIDE.app/Contents/Eclipse/plugins/com.st.stm32cube.ide.mcu.externaltools.gnu-tools-for-stm32.11.3.rel1.macos64_1.1.100.202310310803/tools/bin/../lib/gcc/arm-none-eabi/11.3.1/thumb/v7e-m+fp/hard/libgcc.a
LOAD /Applications/STM32CubeIDE.app/Contents/Eclipse/plugins/com.st.stm32cube.ide.mcu.externaltools.gnu-tools-for-stm32.11.3.rel1.macos64_1.1.100.202310310803/tools/bin/../lib/gcc/arm-none-eabi/11.3.1/../../../../arm-none-eabi/lib/thumb/v7e-m+fp/hard/libc_nano.a
LOAD /Applications/STM32CubeIDE.app/Contents/Eclipse/plugins/com.st.stm32cube.ide.mcu.externaltools.gnu-tools-for-stm32.11.3.rel1.macos64_1.1.100.202310310803/tools/bin/../lib/gcc/arm-none-eabi/11.3.1/../../../../arm-none-eabi/lib/thumb/v7e-m+fp/hard/libnosys.a
END GROUP
START GROUP
LOAD /Applications/STM32CubeIDE.app/Contents/Eclipse/plugins/com.st.stm32cube.ide.mcu.externaltools.gnu-tools-for-stm32.11.3.rel1.macos64_1.1.100.202310310803/tools/bin/../lib/gcc/arm-none-eabi/11.3.1/thumb/v7e-m+fp/hard/libgcc.a
LOAD /Applications/STM32CubeIDE.app/Contents/Eclipse/plugins/com.st.stm32cube.ide.mcu.externaltools.gnu-tools-for-stm32.11.3.rel1.macos64_1.1.100.202310310803/tools/bin/../lib/gcc/arm-none-eabi/11.3.1/../../../../arm-none-eabi/lib/thumb/v7e-m+fp/hard/libc_nano.a
LOAD /Applications/STM32CubeIDE.app/Contents/Eclipse/plugins/com.st.stm32cube.ide.mcu.externaltools.gnu-tools-for-stm32.11.3.rel1.macos64_1.1.100.202310310803/tools/bin/../lib/gcc/arm-none-eabi/11.3.1/../../../../arm-none-eabi/lib/thumb/v7e-m+fp/hard/libnosys.a
END GROUP
LOAD /Applications/STM32CubeIDE.app/Contents/Eclipse/plugins/com.st.stm32cube.ide.mcu.externaltools.gnu-tools-for-stm32.11.3.rel1.macos64_1.1.100.202310310803/tools/bin/../lib/gcc/arm-none-eabi/11.3.1/thumb/v7e-m+fp/hard/crtend.o
LOAD /Applications/STM32CubeIDE.app/Contents/Eclipse/plugins/com.st.stm32cube.ide.mcu.externaltools.gnu-tools-for-stm32.11.3.rel1.macos64_1.1.100.202310310803/tools/bin/../lib/gcc/arm-none-eabi/11.3.1/thumb/v7e-m+fp/hard/crtn.o
                0x000000002000a000                _estack = (ORIGIN (RAM) + LENGTH (RAM))
                0x0000000000000200                _Min_Heap_Size = 0x200
                0x0000000000000400                _Min_Stack_Size = 0x400

.isr_vector     0x0000000008000000      0x194
                0x0000000008000000                . = ALIGN (0x4)
 *(.isr_vector)
 .isr_vector    0x0000000008000000      0x194 ./Startup/startup_stm32f303vctx.o
                0x0000000008000000                g_pfnVectors
                0x0000000008000194                . = ALIGN (0x4)

.text           0x0000000008000194      0x470
                0x0000000008000194                . = ALIGN (0x4)
 *(.text)
 .text          0x0000000008000194       0x40 /Applications/STM32CubeIDE.app/Contents/Eclipse/plugins/com.st.stm32cube.ide.mcu.externaltools.gnu-tools-for-stm32.11.3.rel1.macos64_1.1.100.202310310803/tools/bin/../lib/gcc/arm-none-eabi/11.3.1/thumb/v7e-m+fp/hard/crtbegin.o
 *(.text*)
 .text.__NVIC_EnableIRQ
                0x00000000080001d4       0x3c ./Src/initialise.o
 .text.__NVIC_SetPriority
                0x0000000008000210       0x54 ./Src/initialise.o
 .text.enable_clocks
                0x0000000008000264       0x2c ./Src/initialise.o
                0x0000000008000264                enable_clocks
 .text.initialise_board
                0x0000000008000290       0x24 ./Src/initialise.o
                0x0000000008000290                initialise_board
 .text.reset_timer
                0x00000000080002b4       0x1e ./Src/initialise.o
                0x00000000080002b4                reset_timer
 .text.reset_UIF
                0x00000000080002d2       0x1e ./Src/initialise.o
                0x00000000080002d2                reset_UIF
 .text.max_count_value
                0x00000000080002f0       0x22 ./Src/initialise.o
                0x00000000080002f0                max_count_value
 .text.start_timer
                0x0000000008000312       0x1e ./Src/initialise.o
                0x0000000008000312                start_timer
 .text.set_prescaler
                0x0000000008000330       0x22 ./Src/initialise.o
                0x0000000008000330                set_prescaler
 .text.general_initialisation
                0x0000000008000352       0x10 ./Src/initialise.o
                0x0000000008000352                general_initialisation
 .text.timer_initialisation
                0x0000000008000362       0x30 ./Src/initialise.o
                0x0000000008000362                timer_initialisation
 .text.enable_interrupt
                0x0000000008000392       0x2e ./Src/initialise.o
                0x0000000008000392                enable_interrupt
 .text.TIM2_IRQHandler
                0x00000000080003c0       0x20 ./Src/main.o
                0x00000000080003c0                TIM2_IRQHandler
 .text.LED_on   0x00000000080003e0       0x78 ./Src/main.o
                0x00000000080003e0                LED_on
 .text.set_max_count
                0x0000000008000458       0x1e ./Src/main.o
                0x0000000008000458                set_max_count
 .text.set_psc_value
                0x0000000008000476       0x1e ./Src/main.o
                0x0000000008000476                set_psc_value
 .text.LED_off  0x0000000008000494       0x24 ./Src/main.o
                0x0000000008000494                LED_off
 .text.delay_set
                0x00000000080004b8       0x46 ./Src/main.o
                0x00000000080004b8                delay_set
 .text.timer_set
                0x00000000080004fe       0x28 ./Src/main.o
                0x00000000080004fe                timer_set
 *fill*         0x0000000008000526        0x2 
 .text.main     0x0000000008000528       0x28 ./Src/main.o
                0x0000000008000528                main
 .text.Reset_Handler
                0x0000000008000550       0x50 ./Startup/startup_stm32f303vctx.o
                0x0000000008000550                Reset_Handler
 .text.Default_Handler
                0x00000000080005a0        0x2 ./Startup/startup_stm32f303vctx.o
                0x00000000080005a0                TIM1_BRK_TIM15_IRQHandler
                0x00000000080005a0                TIM8_CC_IRQHandler
                0x00000000080005a0                DebugMon_Handler
                0x00000000080005a0                DMA1_CH4_IRQHandler
                0x00000000080005a0                SPI4_IRQHandler
                0x00000000080005a0                TIM1_CC_IRQHandler
                0x00000000080005a0                HardFault_Handler
                0x00000000080005a0                USB_HP_IRQHandler
                0x00000000080005a0                I2C2_EV_EXTI24_IRQHandler
                0x00000000080005a0                SysTick_Handler
                0x00000000080005a0                USB_WKUP_EXTI_IRQHandler
                0x00000000080005a0                PVD_IRQHandler
                0x00000000080005a0                UART4_EXTI34_IRQHandler
                0x00000000080005a0                TAMP_STAMP_IRQHandler
                0x00000000080005a0                PendSV_Handler
                0x00000000080005a0                NMI_Handler
                0x00000000080005a0                EXTI3_IRQHandler
                0x00000000080005a0                I2C3_ER_IRQHandler
                0x00000000080005a0                TIM6_DACUNDER_IRQHandler
                0x00000000080005a0                USB_HP_CAN_TX_IRQHandler
                0x00000000080005a0                EXTI0_IRQHandler
                0x00000000080005a0                DMA2_CH1_IRQHandler
                0x00000000080005a0                TIM1_UP_TIM16_IRQHandler
                0x00000000080005a0                UsageFault_Handler
                0x00000000080005a0                ADC1_2_IRQHandler
                0x00000000080005a0                SPI1_IRQHandler
                0x00000000080005a0                CAN_SCE_IRQHandler
                0x00000000080005a0                DMA1_CH7_IRQHandler
                0x00000000080005a0                TIM8_UP_IRQHandler
                0x00000000080005a0                COMP456_IRQHandler
                0x00000000080005a0                DMA1_CH6_IRQHandler
                0x00000000080005a0                TIM20_TRG_COM_IRQHandler
                0x00000000080005a0                ADC3_IRQHandler
                0x00000000080005a0                TIM4_IRQHandler
                0x00000000080005a0                CAN_RX1_IRQHandler
                0x00000000080005a0                USART1_EXTI25_IRQHandler
                0x00000000080005a0                DMA2_CH5_IRQHandler
                0x00000000080005a0                I2C1_EV_EXTI23_IRQHandler
                0x00000000080005a0                DMA1_CH3_IRQHandler
                0x00000000080005a0                TIM3_IRQHandler
                0x00000000080005a0                RCC_IRQHandler
                0x00000000080005a0                TIM20_UP_IRQHandler
                0x00000000080005a0                Default_Handler
                0x00000000080005a0                EXTI15_10_IRQHandler
                0x00000000080005a0                USART2_EXTI26_IRQHandler
                0x00000000080005a0                USART3_EXTI28_IRQHandler
                0x00000000080005a0                TIM7_IRQHandler
                0x00000000080005a0                I2C3_EV_IRQHandler
                0x00000000080005a0                EXTI9_5_IRQHandler
                0x00000000080005a0                DMA1_CH2_IRQHandler
                0x00000000080005a0                RTC_WKUP_IRQHandler
                0x00000000080005a0                SPI2_IRQHandler
                0x00000000080005a0                DMA1_CH1_IRQHandler
                0x00000000080005a0                USB_LP_CAN_RX0_IRQHandler
                0x00000000080005a0                MemManage_Handler
                0x00000000080005a0                COMP123_IRQHandler
                0x00000000080005a0                SVC_Handler
                0x00000000080005a0                USB_LP_IRQHandler
                0x00000000080005a0                EXTI4_IRQHandler
                0x00000000080005a0                TIM1_TRG_COM_TIM17_IRQHandler
                0x00000000080005a0                ADC4_IRQHandler
                0x00000000080005a0                WWDG_IRQHandler
                0x00000000080005a0                COMP7_IRQHandler
                0x00000000080005a0                EXTI1_IRQHandler
                0x00000000080005a0                RTCAlarm_IRQHandler
                0x00000000080005a0                UART5_EXTI35_IRQHandler
                0x00000000080005a0                TIM20_BRK_IRQHandler
                0x00000000080005a0                I2C2_ER_IRQHandler
                0x00000000080005a0                TIM8_BRK_IRQHandler
                0x00000000080005a0                FLASH_IRQHandler
                0x00000000080005a0                TIM20_CC_IRQHandler
                0x00000000080005a0                BusFault_Handler
                0x00000000080005a0                SPI3_IRQHandler
                0x00000000080005a0                DMA2_CH3_IRQHandler
                0x00000000080005a0                DMA2_CH2_IRQHandler
                0x00000000080005a0                I2C1_ER_IRQHandler
                0x00000000080005a0                FMC_IRQHandler
                0x00000000080005a0                DMA1_CH5_IRQHandler
                0x00000000080005a0                DMA2_CH4_IRQHandler
                0x00000000080005a0                USB_WKUP_IRQHandler
                0x00000000080005a0                EXTI2_TSC_IRQHandler
                0x00000000080005a0                TIM8_TRG_COM_IRQHandler
 *fill*         0x00000000080005a2        0x2 
 .text.__libc_init_array
                0x00000000080005a4       0x48 /Applications/STM32CubeIDE.app/Contents/Eclipse/plugins/com.st.stm32cube.ide.mcu.externaltools.gnu-tools-for-stm32.11.3.rel1.macos64_1.1.100.202310310803/tools/bin/../lib/gcc/arm-none-eabi/11.3.1/../../../../arm-none-eabi/lib/thumb/v7e-m+fp/hard/libc_nano.a(libc_a-init.o)
                0x00000000080005a4                __libc_init_array
 *(.glue_7)
 .glue_7        0x00000000080005ec        0x0 linker stubs
 *(.glue_7t)
 .glue_7t       0x00000000080005ec        0x0 linker stubs
 *(.eh_frame)
 .eh_frame      0x00000000080005ec        0x0 /Applications/STM32CubeIDE.app/Contents/Eclipse/plugins/com.st.stm32cube.ide.mcu.externaltools.gnu-tools-for-stm32.11.3.rel1.macos64_1.1.100.202310310803/tools/bin/../lib/gcc/arm-none-eabi/11.3.1/thumb/v7e-m+fp/hard/crtbegin.o
 *(.init)
 .init          0x00000000080005ec        0x4 /Applications/STM32CubeIDE.app/Contents/Eclipse/plugins/com.st.stm32cube.ide.mcu.externaltools.gnu-tools-for-stm32.11.3.rel1.macos64_1.1.100.202310310803/tools/bin/../lib/gcc/arm-none-eabi/11.3.1/thumb/v7e-m+fp/hard/crti.o
                0x00000000080005ec                _init
 .init          0x00000000080005f0        0x8 /Applications/STM32CubeIDE.app/Contents/Eclipse/plugins/com.st.stm32cube.ide.mcu.externaltools.gnu-tools-for-stm32.11.3.rel1.macos64_1.1.100.202310310803/tools/bin/../lib/gcc/arm-none-eabi/11.3.1/thumb/v7e-m+fp/hard/crtn.o
 *(.fini)
 .fini          0x00000000080005f8        0x4 /Applications/STM32CubeIDE.app/Contents/Eclipse/plugins/com.st.stm32cube.ide.mcu.externaltools.gnu-tools-for-stm32.11.3.rel1.macos64_1.1.100.202310310803/tools/bin/../lib/gcc/arm-none-eabi/11.3.1/thumb/v7e-m+fp/hard/crti.o
                0x00000000080005f8                _fini
 .fini          0x00000000080005fc        0x8 /Applications/STM32CubeIDE.app/Contents/Eclipse/plugins/com.st.stm32cube.ide.mcu.externaltools.gnu-tools-for-stm32.11.3.rel1.macos64_1.1.100.202310310803/tools/bin/../lib/gcc/arm-none-eabi/11.3.1/thumb/v7e-m+fp/hard/crtn.o
                0x0000000008000604                . = ALIGN (0x4)
                0x0000000008000604                _etext = .

.vfp11_veneer   0x0000000008000604        0x0
 .vfp11_veneer  0x0000000008000604        0x0 linker stubs

.v4_bx          0x0000000008000604        0x0
 .v4_bx         0x0000000008000604        0x0 linker stubs

.iplt           0x0000000008000604        0x0
 .iplt          0x0000000008000604        0x0 /Applications/STM32CubeIDE.app/Contents/Eclipse/plugins/com.st.stm32cube.ide.mcu.externaltools.gnu-tools-for-stm32.11.3.rel1.macos64_1.1.100.202310310803/tools/bin/../lib/gcc/arm-none-eabi/11.3.1/thumb/v7e-m+fp/hard/crtbegin.o

.rel.dyn        0x0000000008000604        0x0
 .rel.iplt      0x0000000008000604        0x0 /Applications/STM32CubeIDE.app/Contents/Eclipse/plugins/com.st.stm32cube.ide.mcu.externaltools.gnu-tools-for-stm32.11.3.rel1.macos64_1.1.100.202310310803/tools/bin/../lib/gcc/arm-none-eabi/11.3.1/thumb/v7e-m+fp/hard/crtbegin.o

.rodata         0x0000000008000604        0x0
                0x0000000008000604                . = ALIGN (0x4)
 *(.rodata)
 *(.rodata*)
                0x0000000008000604                . = ALIGN (0x4)

.ARM.extab      0x0000000008000604        0x0
                0x0000000008000604                . = ALIGN (0x4)
 *(.ARM.extab* .gnu.linkonce.armextab.*)
                0x0000000008000604                . = ALIGN (0x4)

.ARM            0x0000000008000604        0x0
                0x0000000008000604                . = ALIGN (0x4)
                0x0000000008000604                __exidx_start = .
 *(.ARM.exidx*)
                0x0000000008000604                __exidx_end = .
                0x0000000008000604                . = ALIGN (0x4)

.preinit_array  0x0000000008000604        0x0
                0x0000000008000604                . = ALIGN (0x4)
                0x0000000008000604                PROVIDE (__preinit_array_start = .)
 *(.preinit_array*)
                0x0000000008000604                PROVIDE (__preinit_array_end = .)
                0x0000000008000604                . = ALIGN (0x4)

.init_array     0x0000000008000604        0x4
                0x0000000008000604                . = ALIGN (0x4)
                0x0000000008000604                PROVIDE (__init_array_start = .)
 *(SORT_BY_NAME(.init_array.*))
 *(.init_array*)
 .init_array    0x0000000008000604        0x4 /Applications/STM32CubeIDE.app/Contents/Eclipse/plugins/com.st.stm32cube.ide.mcu.externaltools.gnu-tools-for-stm32.11.3.rel1.macos64_1.1.100.202310310803/tools/bin/../lib/gcc/arm-none-eabi/11.3.1/thumb/v7e-m+fp/hard/crtbegin.o
                0x0000000008000608                PROVIDE (__init_array_end = .)
                0x0000000008000608                . = ALIGN (0x4)

.fini_array     0x0000000008000608        0x4
                0x0000000008000608                . = ALIGN (0x4)
                [!provide]                        PROVIDE (__fini_array_start = .)
 *(SORT_BY_NAME(.fini_array.*))
 *(.fini_array*)
 .fini_array    0x0000000008000608        0x4 /Applications/STM32CubeIDE.app/Contents/Eclipse/plugins/com.st.stm32cube.ide.mcu.externaltools.gnu-tools-for-stm32.11.3.rel1.macos64_1.1.100.202310310803/tools/bin/../lib/gcc/arm-none-eabi/11.3.1/thumb/v7e-m+fp/hard/crtbegin.o
                [!provide]                        PROVIDE (__fini_array_end = .)
                0x000000000800060c                . = ALIGN (0x4)
                0x000000000800060c                _sidata = LOADADDR (.data)

.data           0x0000000020000000        0x4 load address 0x000000000800060c
                0x0000000020000000                . = ALIGN (0x4)
                0x0000000020000000                _sdata = .
 *(.data)
 *(.data*)
 .data.led_pattern_flag
                0x0000000020000000        0x1 ./Src/main.o
                0x0000000020000000                led_pattern_flag
 *(.RamFunc)
 *(.RamFunc*)
                0x0000000020000004                . = ALIGN (0x4)
 *fill*         0x0000000020000001        0x3 
                0x0000000020000004                _edata = .
                0x0000000008000610                _siccmram = LOADADDR (.ccmram)

.igot.plt       0x0000000020000004        0x0 load address 0x0000000008000610
 .igot.plt      0x0000000020000004        0x0 /Applications/STM32CubeIDE.app/Contents/Eclipse/plugins/com.st.stm32cube.ide.mcu.externaltools.gnu-tools-for-stm32.11.3.rel1.macos64_1.1.100.202310310803/tools/bin/../lib/gcc/arm-none-eabi/11.3.1/thumb/v7e-m+fp/hard/crtbegin.o

.ccmram         0x0000000010000000        0x0 load address 0x0000000008000610
                0x0000000010000000                . = ALIGN (0x4)
                0x0000000010000000                _sccmram = .
 *(.ccmram)
 *(.ccmram*)
                0x0000000010000000                . = ALIGN (0x4)
                0x0000000010000000                _eccmram = .
                0x0000000010000000                . = ALIGN (0x4)

.bss            0x0000000020000004       0x20
                0x0000000020000004                _sbss = .
                0x0000000020000004                __bss_start__ = _sbss
 *(.bss)
 .bss           0x0000000020000004       0x1c /Applications/STM32CubeIDE.app/Contents/Eclipse/plugins/com.st.stm32cube.ide.mcu.externaltools.gnu-tools-for-stm32.11.3.rel1.macos64_1.1.100.202310310803/tools/bin/../lib/gcc/arm-none-eabi/11.3.1/thumb/v7e-m+fp/hard/crtbegin.o
 *(.bss*)
 .bss.timer_overflow
                0x0000000020000020        0x4 ./Src/main.o
                0x0000000020000020                timer_overflow
 *(COMMON)
                0x0000000020000024                . = ALIGN (0x4)
                0x0000000020000024                _ebss = .
                0x0000000020000024                __bss_end__ = _ebss

._user_heap_stack
                0x0000000020000024      0x604
                0x0000000020000028                . = ALIGN (0x8)
 *fill*         0x0000000020000024        0x4 
                [!provide]                        PROVIDE (end = .)
                0x0000000020000028                PROVIDE (_end = .)
                0x0000000020000228                . = (. + _Min_Heap_Size)
 *fill*         0x0000000020000028      0x200 
                0x0000000020000628                . = (. + _Min_Stack_Size)
 *fill*         0x0000000020000228      0x400 
                0x0000000020000628                . = ALIGN (0x8)

/DISCARD/
 libc.a(*)
 libm.a(*)
 libgcc.a(*)

.ARM.attributes
                0x0000000000000000       0x30
 *(.ARM.attributes)
 .ARM.attributes
                0x0000000000000000       0x1e /Applications/STM32CubeIDE.app/Contents/Eclipse/plugins/com.st.stm32cube.ide.mcu.externaltools.gnu-tools-for-stm32.11.3.rel1.macos64_1.1.100.202310310803/tools/bin/../lib/gcc/arm-none-eabi/11.3.1/thumb/v7e-m+fp/hard/crti.o
 .ARM.attributes
                0x000000000000001e       0x34 /Applications/STM32CubeIDE.app/Contents/Eclipse/plugins/com.st.stm32cube.ide.mcu.externaltools.gnu-tools-for-stm32.11.3.rel1.macos64_1.1.100.202310310803/tools/bin/../lib/gcc/arm-none-eabi/11.3.1/thumb/v7e-m+fp/hard/crtbegin.o
 .ARM.attributes
                0x0000000000000052       0x34 ./Src/initialise.o
 .ARM.attributes
                0x0000000000000086       0x34 ./Src/main.o
 .ARM.attributes
                0x00000000000000ba       0x21 ./Startup/startup_stm32f303vctx.o
 .ARM.attributes
                0x00000000000000db       0x34 /Applications/STM32CubeIDE.app/Contents/Eclipse/plugins/com.st.stm32cube.ide.mcu.externaltools.gnu-tools-for-stm32.11.3.rel1.macos64_1.1.100.202310310803/tools/bin/../lib/gcc/arm-none-eabi/11.3.1/../../../../arm-none-eabi/lib/thumb/v7e-m+fp/hard/libc_nano.a(libc_a-init.o)
 .ARM.attributes
                0x000000000000010f       0x1e /Applications/STM32CubeIDE.app/Contents/Eclipse/plugins/com.st.stm32cube.ide.mcu.externaltools.gnu-tools-for-stm32.11.3.rel1.macos64_1.1.100.202310310803/tools/bin/../lib/gcc/arm-none-eabi/11.3.1/thumb/v7e-m+fp/hard/crtn.o
OUTPUT(Proj 2 Exercise 3.elf elf32-littlearm)
LOAD linker stubs
LOAD /Applications/STM32CubeIDE.app/Contents/Eclipse/plugins/com.st.stm32cube.ide.mcu.externaltools.gnu-tools-for-stm32.11.3.rel1.macos64_1.1.100.202310310803/tools/bin/../lib/gcc/arm-none-eabi/11.3.1/../../../../arm-none-eabi/lib/thumb/v7e-m+fp/hard/libc.a
LOAD /Applications/STM32CubeIDE.app/Contents/Eclipse/plugins/com.st.stm32cube.ide.mcu.externaltools.gnu-tools-for-stm32.11.3.rel1.macos64_1.1.100.202310310803/tools/bin/../lib/gcc/arm-none-eabi/11.3.1/../../../../arm-none-eabi/lib/thumb/v7e-m+fp/hard/libm.a
LOAD /Applications/STM32CubeIDE.app/Contents/Eclipse/plugins/com.st.stm32cube.ide.mcu.externaltools.gnu-tools-for-stm32.11.3.rel1.macos64_1.1.100.202310310803/tools/bin/../lib/gcc/arm-none-eabi/11.3.1/thumb/v7e-m+fp/hard/libgcc.a

.comment        0x0000000000000000       0x43
 .comment       0x0000000000000000       0x43 /Applications/STM32CubeIDE.app/Contents/Eclipse/plugins/com.st.stm32cube.ide.mcu.externaltools.gnu-tools-for-stm32.11.3.rel1.macos64_1.1.100.202310310803/tools/bin/../lib/gcc/arm-none-eabi/11.3.1/thumb/v7e-m+fp/hard/crtbegin.o
                                         0x44 (size before relaxing)
 .comment       0x0000000000000043       0x44 ./Src/initialise.o
 .comment       0x0000000000000043       0x44 ./Src/main.o

.debug_info     0x0000000000000000      0xe17
 .debug_info    0x0000000000000000      0xa60 ./Src/initialise.o
 .debug_info    0x0000000000000a60      0x394 ./Src/main.o
 .debug_info    0x0000000000000df4       0x23 ./Startup/startup_stm32f303vctx.o

.debug_abbrev   0x0000000000000000      0x468
 .debug_abbrev  0x0000000000000000      0x254 ./Src/initialise.o
 .debug_abbrev  0x0000000000000254      0x202 ./Src/main.o
 .debug_abbrev  0x0000000000000456       0x12 ./Startup/startup_stm32f303vctx.o

.debug_aranges  0x0000000000000000       0xf8
 .debug_aranges
                0x0000000000000000       0x78 ./Src/initialise.o
 .debug_aranges
                0x0000000000000078       0x58 ./Src/main.o
 .debug_aranges
                0x00000000000000d0       0x28 ./Startup/startup_stm32f303vctx.o

.debug_rnglists
                0x0000000000000000       0xab
 .debug_rnglists
                0x0000000000000000       0x55 ./Src/initialise.o
 .debug_rnglists
                0x0000000000000055       0x3d ./Src/main.o
 .debug_rnglists
                0x0000000000000092       0x19 ./Startup/startup_stm32f303vctx.o

.debug_macro    0x0000000000000000    0x14d58
 .debug_macro   0x0000000000000000       0xc9 ./Src/initialise.o
 .debug_macro   0x00000000000000c9      0xab4 ./Src/initialise.o
 .debug_macro   0x0000000000000b7d       0x22 ./Src/initialise.o
 .debug_macro   0x0000000000000b9f       0x8e ./Src/initialise.o
 .debug_macro   0x0000000000000c2d       0x51 ./Src/initialise.o
 .debug_macro   0x0000000000000c7e      0x103 ./Src/initialise.o
 .debug_macro   0x0000000000000d81       0x6a ./Src/initialise.o
 .debug_macro   0x0000000000000deb      0x1df ./Src/initialise.o
 .debug_macro   0x0000000000000fca       0x28 ./Src/initialise.o
 .debug_macro   0x0000000000000ff2       0x1c ./Src/initialise.o
 .debug_macro   0x000000000000100e       0x22 ./Src/initialise.o
 .debug_macro   0x0000000000001030       0xd9 ./Src/initialise.o
 .debug_macro   0x0000000000001109     0x102d ./Src/initialise.o
 .debug_macro   0x0000000000002136      0x11f ./Src/initialise.o
 .debug_macro   0x0000000000002255    0x12a3a ./Src/initialise.o
 .debug_macro   0x0000000000014c8f       0xc9 ./Src/main.o

.debug_line     0x0000000000000000      0xc23
 .debug_line    0x0000000000000000      0x621 ./Src/initialise.o
 .debug_line    0x0000000000000621      0x587 ./Src/main.o
 .debug_line    0x0000000000000ba8       0x7b ./Startup/startup_stm32f303vctx.o

.debug_str      0x0000000000000000    0x72798
 .debug_str     0x0000000000000000    0x7267d ./Src/initialise.o
                                      0x72945 (size before relaxing)
 .debug_str     0x000000000007267d       0xec ./Src/main.o
                                      0x723c9 (size before relaxing)
 .debug_str     0x0000000000072769       0x2f ./Startup/startup_stm32f303vctx.o
                                         0x74 (size before relaxing)

.debug_frame    0x0000000000000000      0x310
 .debug_frame   0x0000000000000000      0x1b4 ./Src/initialise.o
 .debug_frame   0x00000000000001b4      0x130 ./Src/main.o
 .debug_frame   0x00000000000002e4       0x2c /Applications/STM32CubeIDE.app/Contents/Eclipse/plugins/com.st.stm32cube.ide.mcu.externaltools.gnu-tools-for-stm32.11.3.rel1.macos64_1.1.100.202310310803/tools/bin/../lib/gcc/arm-none-eabi/11.3.1/../../../../arm-none-eabi/lib/thumb/v7e-m+fp/hard/libc_nano.a(libc_a-init.o)

.debug_line_str
                0x0000000000000000       0x68
 .debug_line_str
                0x0000000000000000       0x68 ./Startup/startup_stm32f303vctx.o
                                         0x80 (size before relaxing)
